Archive member included to satisfy reference by file (symbol)

/opt/gcc-arm/bin/../lib/gcc/arm-none-eabi/10.3.1/../../../../arm-none-eabi/lib/thumb/v7e-m+fp/hard/libc.a(lib_a-errno.o)
                              /home/vlab/FreeRTOS_Work/STM32F4_Firmware/STM32F4-FreeRTOS_Tmplt/build/syscalls.o (__errno)
/opt/gcc-arm/bin/../lib/gcc/arm-none-eabi/10.3.1/../../../../arm-none-eabi/lib/thumb/v7e-m+fp/hard/libc.a(lib_a-exit.o)
                              /opt/gcc-arm/bin/../lib/gcc/arm-none-eabi/10.3.1/../../../../arm-none-eabi/lib/thumb/v7e-m+fp/hard/crt0.o (exit)
/opt/gcc-arm/bin/../lib/gcc/arm-none-eabi/10.3.1/../../../../arm-none-eabi/lib/thumb/v7e-m+fp/hard/libc.a(lib_a-impure.o)
                              /opt/gcc-arm/bin/../lib/gcc/arm-none-eabi/10.3.1/../../../../arm-none-eabi/lib/thumb/v7e-m+fp/hard/libc.a(lib_a-exit.o) (_global_impure_ptr)
/opt/gcc-arm/bin/../lib/gcc/arm-none-eabi/10.3.1/../../../../arm-none-eabi/lib/thumb/v7e-m+fp/hard/libc.a(lib_a-init.o)
                              /opt/gcc-arm/bin/../lib/gcc/arm-none-eabi/10.3.1/../../../../arm-none-eabi/lib/thumb/v7e-m+fp/hard/crt0.o (__libc_init_array)
/opt/gcc-arm/bin/../lib/gcc/arm-none-eabi/10.3.1/../../../../arm-none-eabi/lib/thumb/v7e-m+fp/hard/libc.a(lib_a-memcpy.o)
                              /home/vlab/FreeRTOS_Work/STM32F4_Firmware/STM32F4-FreeRTOS_Tmplt/build/queue.o (memcpy)
/opt/gcc-arm/bin/../lib/gcc/arm-none-eabi/10.3.1/../../../../arm-none-eabi/lib/thumb/v7e-m+fp/hard/libc.a(lib_a-memset.o)
                              /opt/gcc-arm/bin/../lib/gcc/arm-none-eabi/10.3.1/../../../../arm-none-eabi/lib/thumb/v7e-m+fp/hard/crt0.o (memset)
/opt/gcc-arm/bin/../lib/gcc/arm-none-eabi/10.3.1/../../../../arm-none-eabi/lib/thumb/v7e-m+fp/hard/libc.a(lib_a-sprintf.o)
                              /home/vlab/FreeRTOS_Work/STM32F4_Firmware/STM32F4-FreeRTOS_Tmplt/build/main.o (sprintf)
/opt/gcc-arm/bin/../lib/gcc/arm-none-eabi/10.3.1/../../../../arm-none-eabi/lib/thumb/v7e-m+fp/hard/libc.a(lib_a-svfprintf.o)
                              /opt/gcc-arm/bin/../lib/gcc/arm-none-eabi/10.3.1/../../../../arm-none-eabi/lib/thumb/v7e-m+fp/hard/libc.a(lib_a-sprintf.o) (_svfprintf_r)
/opt/gcc-arm/bin/../lib/gcc/arm-none-eabi/10.3.1/../../../../arm-none-eabi/lib/thumb/v7e-m+fp/hard/libc.a(lib_a-__call_atexit.o)
                              /opt/gcc-arm/bin/../lib/gcc/arm-none-eabi/10.3.1/../../../../arm-none-eabi/lib/thumb/v7e-m+fp/hard/libc.a(lib_a-exit.o) (__call_exitprocs)
/opt/gcc-arm/bin/../lib/gcc/arm-none-eabi/10.3.1/../../../../arm-none-eabi/lib/thumb/v7e-m+fp/hard/libc.a(lib_a-atexit.o)
                              /opt/gcc-arm/bin/../lib/gcc/arm-none-eabi/10.3.1/../../../../arm-none-eabi/lib/thumb/v7e-m+fp/hard/libc.a(lib_a-__call_atexit.o) (atexit)
/opt/gcc-arm/bin/../lib/gcc/arm-none-eabi/10.3.1/../../../../arm-none-eabi/lib/thumb/v7e-m+fp/hard/libc.a(lib_a-dtoa.o)
                              /opt/gcc-arm/bin/../lib/gcc/arm-none-eabi/10.3.1/../../../../arm-none-eabi/lib/thumb/v7e-m+fp/hard/libc.a(lib_a-svfprintf.o) (_dtoa_r)
/opt/gcc-arm/bin/../lib/gcc/arm-none-eabi/10.3.1/../../../../arm-none-eabi/lib/thumb/v7e-m+fp/hard/libc.a(lib_a-fini.o)
                              /opt/gcc-arm/bin/../lib/gcc/arm-none-eabi/10.3.1/../../../../arm-none-eabi/lib/thumb/v7e-m+fp/hard/libc.a(lib_a-__call_atexit.o) (__libc_fini_array)
/opt/gcc-arm/bin/../lib/gcc/arm-none-eabi/10.3.1/../../../../arm-none-eabi/lib/thumb/v7e-m+fp/hard/libc.a(lib_a-freer.o)
                              /opt/gcc-arm/bin/../lib/gcc/arm-none-eabi/10.3.1/../../../../arm-none-eabi/lib/thumb/v7e-m+fp/hard/libc.a(lib_a-svfprintf.o) (_free_r)
/opt/gcc-arm/bin/../lib/gcc/arm-none-eabi/10.3.1/../../../../arm-none-eabi/lib/thumb/v7e-m+fp/hard/libc.a(lib_a-localeconv.o)
                              /opt/gcc-arm/bin/../lib/gcc/arm-none-eabi/10.3.1/../../../../arm-none-eabi/lib/thumb/v7e-m+fp/hard/libc.a(lib_a-svfprintf.o) (_localeconv_r)
/opt/gcc-arm/bin/../lib/gcc/arm-none-eabi/10.3.1/../../../../arm-none-eabi/lib/thumb/v7e-m+fp/hard/libc.a(lib_a-lock.o)
                              /opt/gcc-arm/bin/../lib/gcc/arm-none-eabi/10.3.1/../../../../arm-none-eabi/lib/thumb/v7e-m+fp/hard/libc.a(lib_a-__call_atexit.o) (__retarget_lock_acquire_recursive)
/opt/gcc-arm/bin/../lib/gcc/arm-none-eabi/10.3.1/../../../../arm-none-eabi/lib/thumb/v7e-m+fp/hard/libc.a(lib_a-mallocr.o)
                              /opt/gcc-arm/bin/../lib/gcc/arm-none-eabi/10.3.1/../../../../arm-none-eabi/lib/thumb/v7e-m+fp/hard/libc.a(lib_a-svfprintf.o) (_malloc_r)
/opt/gcc-arm/bin/../lib/gcc/arm-none-eabi/10.3.1/../../../../arm-none-eabi/lib/thumb/v7e-m+fp/hard/libc.a(lib_a-memchr.o)
                              /opt/gcc-arm/bin/../lib/gcc/arm-none-eabi/10.3.1/../../../../arm-none-eabi/lib/thumb/v7e-m+fp/hard/libc.a(lib_a-svfprintf.o) (memchr)
/opt/gcc-arm/bin/../lib/gcc/arm-none-eabi/10.3.1/../../../../arm-none-eabi/lib/thumb/v7e-m+fp/hard/libc.a(lib_a-mlock.o)
[...]
Memory Configuration

Name             Origin             Length             Attributes
RAM              0x0000000020000000 0x0000000000020000 xrw
FLASH            0x0000000008000000 0x0000000000080000 xr
*default*        0x0000000000000000 0xffffffffffffffff

Linker script and memory map

LOAD /opt/gcc-arm/bin/../lib/gcc/arm-none-eabi/10.3.1/thumb/v7e-m+fp/hard/crti.o
LOAD /opt/gcc-arm/bin/../lib/gcc/arm-none-eabi/10.3.1/thumb/v7e-m+fp/hard/crtbegin.o
LOAD /opt/gcc-arm/bin/../lib/gcc/arm-none-eabi/10.3.1/../../../../arm-none-eabi/lib/thumb/v7e-m+fp/hard/crt0.o
LOAD /home/vlab/FreeRTOS_Work/STM32F4_Firmware/STM32F4-FreeRTOS_Tmplt/build/stm32f4xx_it.o
LOAD /home/vlab/FreeRTOS_Work/STM32F4_Firmware/STM32F4-FreeRTOS_Tmplt/build/system_stm32f4xx.o
LOAD /home/vlab/FreeRTOS_Work/STM32F4_Firmware/STM32F4-FreeRTOS_Tmplt/build/syscalls.o
LOAD /home/vlab/FreeRTOS_Work/STM32F4_Firmware/STM32F4-FreeRTOS_Tmplt/build/main.o
LOAD /home/vlab/FreeRTOS_Work/STM32F4_Firmware/STM32F4-FreeRTOS_Tmplt/build/port.o
LOAD /home/vlab/FreeRTOS_Work/STM32F4_Firmware/STM32F4-FreeRTOS_Tmplt/build/list.o
LOAD /home/vlab/FreeRTOS_Work/STM32F4_Firmware/STM32F4-FreeRTOS_Tmplt/build/queue.o
LOAD /home/vlab/FreeRTOS_Work/STM32F4_Firmware/STM32F4-FreeRTOS_Tmplt/build/tasks.o
LOAD /home/vlab/FreeRTOS_Work/STM32F4_Firmware/STM32F4-FreeRTOS_Tmplt/build/event_groups.o
LOAD /home/vlab/FreeRTOS_Work/STM32F4_Firmware/STM32F4-FreeRTOS_Tmplt/build/timers.o
LOAD /home/vlab/FreeRTOS_Work/STM32F4_Firmware/STM32F4-FreeRTOS_Tmplt/build/heap_4.o
LOAD /home/vlab/FreeRTOS_Work/STM32F4_Firmware/STM32F4-FreeRTOS_Tmplt/build/stm32f4xx_rcc.o
LOAD /home/vlab/FreeRTOS_Work/STM32F4_Firmware/STM32F4-FreeRTOS_Tmplt/build/stm32f4xx_gpio.o
LOAD /home/vlab/FreeRTOS_Work/STM32F4_Firmware/STM32F4-FreeRTOS_Tmplt/build/misc.o
LOAD /home/vlab/FreeRTOS_Work/STM32F4_Firmware/STM32F4-FreeRTOS_Tmplt/build/stm32f4xx_usart.o
LOAD /home/vlab/FreeRTOS_Work/STM32F4_Firmware/STM32F4-FreeRTOS_Tmplt/build/startup_stm32f4xx.o
LOAD /opt/gcc-arm/bin/../lib/gcc/arm-none-eabi/10.3.1/../../../../arm-none-eabi/lib/thumb/v7e-m+fp/hard/libc.a
LOAD /opt/gcc-arm/bin/../lib/gcc/arm-none-eabi/10.3.1/thumb/v7e-m+fp/hard/libgcc.a
START GROUP
LOAD /opt/gcc-arm/bin/../lib/gcc/arm-none-eabi/10.3.1/thumb/v7e-m+fp/hard/libgcc.a
LOAD /opt/gcc-arm/bin/../lib/gcc/arm-none-eabi/10.3.1/../../../../arm-none-eabi/lib/thumb/v7e-m+fp/hard/libc.a
END GROUP
LOAD /opt/gcc-arm/bin/../lib/gcc/arm-none-eabi/10.3.1/thumb/v7e-m+fp/hard/crtend.o
LOAD /opt/gcc-arm/bin/../lib/gcc/arm-none-eabi/10.3.1/thumb/v7e-m+fp/hard/crtn.o
                0x0000000020020000                _estack = (ORIGIN (RAM) + LENGTH (RAM))
                0x0000000000000200                _Min_Heap_Size = 0x200
                0x0000000000000400                _Min_Stack_Size = 0x400

.isr_vector     0x0000000008000000      0x188
                0x0000000008000000                . = ALIGN (0x4)
 *(.isr_vector)
 .isr_vector    0x0000000008000000      0x188 /home/vlab/FreeRTOS_Work/STM32F4_Firmware/STM32F4-FreeRTOS_Tmplt/build/startup_stm32f4xx.o
                0x0000000008000000                g_pfnVectors
                0x0000000008000188                . = ALIGN (0x4)

.text           0x00000000080001c0     0x9464
                0x00000000080001c0                . = ALIGN (0x4)
 *(.text)
 .text          0x00000000080001c0      0x134 /opt/gcc-arm/bin/../lib/gcc/arm-none-eabi/10.3.1/../../../../arm-none-eabi/lib/thumb/v7e-m+fp/hard/libc.a(lib_a-memcpy.o)
                0x00000000080001c0                memcpy
 *fill*         0x00000000080002f4        0xc 
 .text          0x0000000008000300       0xa0 /opt/gcc-arm/bin/../lib/gcc/arm-none-eabi/10.3.1/../../../../arm-none-eabi/lib/thumb/v7e-m+fp/hard/libc.a(lib_a-memchr.o)
                0x0000000008000300                memchr
 *fill*         0x00000000080003a0       0x20 
 .text          0x00000000080003c0       0xdc /opt/gcc-arm/bin/../lib/gcc/arm-none-eabi/10.3.1/../../../../arm-none-eabi/lib/thumb/v7e-m+fp/hard/libc.a(lib_a-strlen.o)
                0x00000000080003c0                strlen
 .text          0x000000000800049c      0x378 /opt/gcc-arm/bin/../lib/gcc/arm-none-eabi/10.3.1/thumb/v7e-m+fp/hard/libgcc.a(_arm_addsubdf3.o)
                0x000000000800049c                __aeabi_drsub
                0x00000000080004a4                __aeabi_dsub
                0x00000000080004a4                __subdf3
                0x00000000080004a8                __adddf3
                0x00000000080004a8                __aeabi_dadd
                0x0000000008000720                __aeabi_ui2d
                0x0000000008000720                __floatunsidf
                0x0000000008000740                __floatsidf
                0x0000000008000740                __aeabi_i2d
                0x0000000008000764                __extendsfdf2
                0x0000000008000764                __aeabi_f2d
                0x00000000080007a8                __aeabi_ul2d
                0x00000000080007a8                __floatundidf
                0x00000000080007b8                __floatdidf
                0x00000000080007b8                __aeabi_l2d
 .text          0x0000000008000814      0x424 /opt/gcc-arm/bin/../lib/gcc/arm-none-eabi/10.3.1/thumb/v7e-m+fp/hard/libgcc.a(_arm_muldivdf3.o)
                0x0000000008000814                __aeabi_dmul
                0x0000000008000814                __muldf3
                0x0000000008000a68                __aeabi_ddiv
                0x0000000008000a68                __divdf3
 .text          0x0000000008000c38      0x110 /opt/gcc-arm/bin/../lib/gcc/arm-none-eabi/10.3.1/thumb/v7e-m+fp/hard/libgcc.a(_arm_cmpdf2.o)
                0x0000000008000c38                __gtdf2
                0x0000000008000c38                __gedf2
                0x0000000008000c40                __ltdf2
                0x0000000008000c40                __ledf2
                0x0000000008000c48                __cmpdf2
                0x0000000008000c48                __eqdf2
                0x0000000008000c48                __nedf2
                0x0000000008000cc4                __aeabi_cdrcmple
                0x0000000008000cd4                __aeabi_cdcmple
                0x0000000008000cd4                __aeabi_cdcmpeq
                0x0000000008000ce4                __aeabi_dcmpeq
                0x0000000008000cf8                __aeabi_dcmplt
                0x0000000008000d0c                __aeabi_dcmple
                0x0000000008000d20                __aeabi_dcmpge
                0x0000000008000d34                __aeabi_dcmpgt
 .text          0x0000000008000d48       0x2c /opt/gcc-arm/bin/../lib/gcc/arm-none-eabi/10.3.1/thumb/v7e-m+fp/hard/libgcc.a(_arm_unorddf2.o)
                0x0000000008000d48                __aeabi_dcmpun
                0x0000000008000d48                __unorddf2
 .text          0x0000000008000d74       0x50 /opt/gcc-arm/bin/../lib/gcc/arm-none-eabi/10.3.1/thumb/v7e-m+fp/hard/libgcc.a(_arm_fixdfsi.o)
                0x0000000008000d74                __fixdfsi
                0x0000000008000d74                __aeabi_d2iz
 .text          0x0000000008000dc4       0x30 /opt/gcc-arm/bin/../lib/gcc/arm-none-eabi/10.3.1/thumb/v7e-m+fp/hard/libgcc.a(_aeabi_uldivmod.o)
                0x0000000008000dc4                __aeabi_uldivmod
 .text          0x0000000008000df4      0x2d0 /opt/gcc-arm/bin/../lib/gcc/arm-none-eabi/10.3.1/thumb/v7e-m+fp/hard/libgcc.a(_udivmoddi4.o)
                0x0000000008000df4                __udivmoddi4
 .text          0x00000000080010c4        0x4 /opt/gcc-arm/bin/../lib/gcc/arm-none-eabi/10.3.1/thumb/v7e-m+fp/hard/libgcc.a(_dvmd_tls.o)
                0x00000000080010c4                __aeabi_ldiv0
                0x00000000080010c4                __aeabi_idiv0
 *(.text*)
 .text.NMI_Handler
                0x00000000080010c8        0x4 /home/vlab/FreeRTOS_Work/STM32F4_Firmware/STM32F4-FreeRTOS_Tmplt/build/stm32f4xx_it.o
                0x00000000080010c8                NMI_Handler
 .text.prvGetRegistersFromStack
                0x00000000080010cc       0x30 /home/vlab/FreeRTOS_Work/STM32F4_Firmware/STM32F4-FreeRTOS_Tmplt/build/stm32f4xx_it.o
                0x00000000080010cc                prvGetRegistersFromStack
 .text.HardFault_Handler
                0x00000000080010fc       0x18 /home/vlab/FreeRTOS_Work/STM32F4_Firmware/STM32F4-FreeRTOS_Tmplt/build/stm32f4xx_it.o
                0x00000000080010fc                HardFault_Handler
 .text.MemManage_Handler
                0x0000000008001114        0x4 /home/vlab/FreeRTOS_Work/STM32F4_Firmware/STM32F4-FreeRTOS_Tmplt/build/stm32f4xx_it.o
                0x0000000008001114                MemManage_Handler
 .text.BusFault_Handler
                0x0000000008001118        0x4 /home/vlab/FreeRTOS_Work/STM32F4_Firmware/STM32F4-FreeRTOS_Tmplt/build/stm32f4xx_it.o
                0x0000000008001118                BusFault_Handler
 .text.UsageFault_Handler
                0x000000000800111c        0x4 /home/vlab/FreeRTOS_Work/STM32F4_Firmware/STM32F4-FreeRTOS_Tmplt/build/stm32f4xx_it.o
                0x000000000800111c                UsageFault_Handler
 .text.DebugMon_Handler
                0x0000000008001120        0x4 /home/vlab/FreeRTOS_Work/STM32F4_Firmware/STM32F4-FreeRTOS_Tmplt/build/stm32f4xx_it.o
                0x0000000008001120                DebugMon_Handler
 .text.SystemInit
                0x0000000008001124       0x50 /home/vlab/FreeRTOS_Work/STM32F4_Firmware/STM32F4-FreeRTOS_Tmplt/build/system_stm32f4xx.o
                0x0000000008001124                SystemInit
 .text.SystemCoreClockUpdate
                0x0000000008001174       0x70 /home/vlab/FreeRTOS_Work/STM32F4_Firmware/STM32F4-FreeRTOS_Tmplt/build/system_stm32f4xx.o
                0x0000000008001174                SystemCoreClockUpdate
 .text._read    0x00000000080011e4       0x10 /home/vlab/FreeRTOS_Work/STM32F4_Firmware/STM32F4-FreeRTOS_Tmplt/build/syscalls.o
                0x00000000080011e4                _read
 .text._lseek   0x00000000080011f4        0x4 /home/vlab/FreeRTOS_Work/STM32F4_Firmware/STM32F4-FreeRTOS_Tmplt/build/syscalls.o
                0x00000000080011f4                _lseek
 .text._write   0x00000000080011f8        0xc /home/vlab/FreeRTOS_Work/STM32F4_Firmware/STM32F4-FreeRTOS_Tmplt/build/syscalls.o
                0x00000000080011f8                _write
 .text._close   0x0000000008001204        0x4 /home/vlab/FreeRTOS_Work/STM32F4_Firmware/STM32F4-FreeRTOS_Tmplt/build/syscalls.o
                0x0000000008001204                _close
 .text._sbrk    0x0000000008001208       0x38 /home/vlab/FreeRTOS_Work/STM32F4_Firmware/STM32F4-FreeRTOS_Tmplt/build/syscalls.o
                0x0000000008001208                _sbrk
 .text._fstat   0x0000000008001240       0x18 /home/vlab/FreeRTOS_Work/STM32F4_Firmware/STM32F4-FreeRTOS_Tmplt/build/syscalls.o
                0x0000000008001240                _fstat
 .text._exit    0x0000000008001258        0x4 /home/vlab/FreeRTOS_Work/STM32F4_Firmware/STM32F4-FreeRTOS_Tmplt/build/syscalls.o
                0x0000000008001258                _exit
 .text._isatty  0x000000000800125c        0x4 /home/vlab/FreeRTOS_Work/STM32F4_Firmware/STM32F4-FreeRTOS_Tmplt/build/syscalls.o
                0x000000000800125c                _isatty
 .text._kill    0x0000000008001260       0x10 /home/vlab/FreeRTOS_Work/STM32F4_Firmware/STM32F4-FreeRTOS_Tmplt/build/syscalls.o
                0x0000000008001260                _kill
 .text._getpid  0x0000000008001270        0x4 /home/vlab/FreeRTOS_Work/STM32F4_Firmware/STM32F4-FreeRTOS_Tmplt/build/syscalls.o
                0x0000000008001270                _getpid
 .text.USART_SendString.constprop.0
                0x0000000008001274       0x2c /home/vlab/FreeRTOS_Work/STM32F4_Firmware/STM32F4-FreeRTOS_Tmplt/build/main.o
 .text.vGreen_LED
                0x00000000080012a0       0x50 /home/vlab/FreeRTOS_Work/STM32F4_Firmware/STM32F4-FreeRTOS_Tmplt/build/main.o
                0x00000000080012a0                vGreen_LED
 .text.vRed_LED
                0x00000000080012f0       0x50 /home/vlab/FreeRTOS_Work/STM32F4_Firmware/STM32F4-FreeRTOS_Tmplt/build/main.o
                0x00000000080012f0                vRed_LED
 .text.vApplicationIdleHook
                0x0000000008001340        0x4 /home/vlab/FreeRTOS_Work/STM32F4_Firmware/STM32F4-FreeRTOS_Tmplt/build/main.o
                0x0000000008001340                vApplicationIdleHook
 .text.vApplicationStackOverflowHook
                0x0000000008001344       0x2c /home/vlab/FreeRTOS_Work/STM32F4_Firmware/STM32F4-FreeRTOS_Tmplt/build/main.o
                0x0000000008001344                vApplicationStackOverflowHook
 .text.vApplicationMallocFailedHook
                0x0000000008001370       0x2c /home/vlab/FreeRTOS_Work/STM32F4_Firmware/STM32F4-FreeRTOS_Tmplt/build/main.o
                0x0000000008001370                vApplicationMallocFailedHook
 .text.vAssertCalled
                0x000000000800139c       0x40 /home/vlab/FreeRTOS_Work/STM32F4_Firmware/STM32F4-FreeRTOS_Tmplt/build/main.o
                0x000000000800139c                vAssertCalled
 .text.init_LED
                0x00000000080013dc       0x2c /home/vlab/FreeRTOS_Work/STM32F4_Firmware/STM32F4-FreeRTOS_Tmplt/build/main.o
                0x00000000080013dc                init_LED
 .text.init_USART1
                0x0000000008001408       0x74 /home/vlab/FreeRTOS_Work/STM32F4_Firmware/STM32F4-FreeRTOS_Tmplt/build/main.o
                0x0000000008001408                init_USART1
 .text.startup.main
                0x000000000800147c       0x90 /home/vlab/FreeRTOS_Work/STM32F4_Firmware/STM32F4-FreeRTOS_Tmplt/build/main.o
                0x000000000800147c                main
 .text.prvPortStartFirstTask
                0x000000000800150c       0x20 /home/vlab/FreeRTOS_Work/STM32F4_Firmware/STM32F4-FreeRTOS_Tmplt/build/port.o
 .text.vPortEnableVFP
                0x000000000800152c       0x14 /home/vlab/FreeRTOS_Work/STM32F4_Firmware/STM32F4-FreeRTOS_Tmplt/build/port.o
 .text.prvTaskExitError
                0x0000000008001540       0x30 /home/vlab/FreeRTOS_Work/STM32F4_Firmware/STM32F4-FreeRTOS_Tmplt/build/port.o
 .text.pxPortInitialiseStack
                0x0000000008001570       0x28 /home/vlab/FreeRTOS_Work/STM32F4_Firmware/STM32F4-FreeRTOS_Tmplt/build/port.o
                0x0000000008001570                pxPortInitialiseStack
 *fill*         0x0000000008001598        0x8 
 .text.SVC_Handler
                0x00000000080015a0       0x24 /home/vlab/FreeRTOS_Work/STM32F4_Firmware/STM32F4-FreeRTOS_Tmplt/build/port.o
                0x00000000080015a0                SVC_Handler
 .text.vPortEnterCritical
                0x00000000080015c4       0x40 /home/vlab/FreeRTOS_Work/STM32F4_Firmware/STM32F4-FreeRTOS_Tmplt/build/port.o
                0x00000000080015c4                vPortEnterCritical
 .text.vPortExitCritical
                0x0000000008001604       0x2c /home/vlab/FreeRTOS_Work/STM32F4_Firmware/STM32F4-FreeRTOS_Tmplt/build/port.o
                0x0000000008001604                vPortExitCritical
 .text.PendSV_Handler
                0x0000000008001630       0x64 /home/vlab/FreeRTOS_Work/STM32F4_Firmware/STM32F4-FreeRTOS_Tmplt/build/port.o
                0x0000000008001630                PendSV_Handler
 .text.SysTick_Handler
                0x0000000008001694       0x2c /home/vlab/FreeRTOS_Work/STM32F4_Firmware/STM32F4-FreeRTOS_Tmplt/build/port.o
                0x0000000008001694                SysTick_Handler
 .text.vPortSetupTimerInterrupt
                0x00000000080016c0       0x24 /home/vlab/FreeRTOS_Work/STM32F4_Firmware/STM32F4-FreeRTOS_Tmplt/build/port.o
                0x00000000080016c0                vPortSetupTimerInterrupt
 .text.xPortStartScheduler
                0x00000000080016e4       0xec /home/vlab/FreeRTOS_Work/STM32F4_Firmware/STM32F4-FreeRTOS_Tmplt/build/port.o
                0x00000000080016e4                xPortStartScheduler
 .text.vListInitialise
                0x00000000080017d0       0x18 /home/vlab/FreeRTOS_Work/STM32F4_Firmware/STM32F4-FreeRTOS_Tmplt/build/list.o
                0x00000000080017d0                vListInitialise
 .text.vListInitialiseItem
                0x00000000080017e8        0x8 /home/vlab/FreeRTOS_Work/STM32F4_Firmware/STM32F4-FreeRTOS_Tmplt/build/list.o
                0x00000000080017e8                vListInitialiseItem
 .text.vListInsertEnd
                0x00000000080017f0       0x20 /home/vlab/FreeRTOS_Work/STM32F4_Firmware/STM32F4-FreeRTOS_Tmplt/build/list.o
                0x00000000080017f0                vListInsertEnd
 .text.vListInsert
                0x0000000008001810       0x30 /home/vlab/FreeRTOS_Work/STM32F4_Firmware/STM32F4-FreeRTOS_Tmplt/build/list.o
                0x0000000008001810                vListInsert
 .text.uxListRemove
                0x0000000008001840       0x28 /home/vlab/FreeRTOS_Work/STM32F4_Firmware/STM32F4-FreeRTOS_Tmplt/build/list.o
                0x0000000008001840                uxListRemove
 .text.xQueueGenericCreate
                0x0000000008001868       0x90 /home/vlab/FreeRTOS_Work/STM32F4_Firmware/STM32F4-FreeRTOS_Tmplt/build/queue.o
                0x0000000008001868                xQueueGenericCreate
 .text.xQueueGenericSend
                0x00000000080018f8      0x3bc /home/vlab/FreeRTOS_Work/STM32F4_Firmware/STM32F4-FreeRTOS_Tmplt/build/queue.o
                0x00000000080018f8                xQueueGenericSend
 .text.xQueueGenericReceive
                0x0000000008001cb4      0x328 /home/vlab/FreeRTOS_Work/STM32F4_Firmware/STM32F4-FreeRTOS_Tmplt/build/queue.o
                0x0000000008001cb4                xQueueGenericReceive
 .text.vQueueAddToRegistry
                0x0000000008001fdc       0x50 /home/vlab/FreeRTOS_Work/STM32F4_Firmware/STM32F4-FreeRTOS_Tmplt/build/queue.o
                0x0000000008001fdc                vQueueAddToRegistry
 .text.vQueueWaitForMessageRestricted
                0x000000000800202c       0xc8 /home/vlab/FreeRTOS_Work/STM32F4_Firmware/STM32F4-FreeRTOS_Tmplt/build/queue.o
                0x000000000800202c                vQueueWaitForMessageRestricted
 .text.xTaskCreate
                0x00000000080020f4      0x220 /home/vlab/FreeRTOS_Work/STM32F4_Firmware/STM32F4-FreeRTOS_Tmplt/build/tasks.o
                0x00000000080020f4                xTaskCreate
 .text.vTaskStartScheduler
                0x0000000008002314      0x1e8 /home/vlab/FreeRTOS_Work/STM32F4_Firmware/STM32F4-FreeRTOS_Tmplt/build/tasks.o
                0x0000000008002314                vTaskStartScheduler
 .text.vTaskSuspendAll
                0x00000000080024fc       0x10 /home/vlab/FreeRTOS_Work/STM32F4_Firmware/STM32F4-FreeRTOS_Tmplt/build/tasks.o
                0x00000000080024fc                vTaskSuspendAll
 .text.xTaskGetTickCount
                0x000000000800250c        0xc /home/vlab/FreeRTOS_Work/STM32F4_Firmware/STM32F4-FreeRTOS_Tmplt/build/tasks.o
                0x000000000800250c                xTaskGetTickCount
 .text.xTaskIncrementTick
                0x0000000008002518      0x170 /home/vlab/FreeRTOS_Work/STM32F4_Firmware/STM32F4-FreeRTOS_Tmplt/build/tasks.o
                0x0000000008002518                xTaskIncrementTick
 .text.xTaskResumeAll
                0x0000000008002688      0x13c /home/vlab/FreeRTOS_Work/STM32F4_Firmware/STM32F4-FreeRTOS_Tmplt/build/tasks.o
                0x0000000008002688                xTaskResumeAll
 .text.vTaskDelay
                0x00000000080027c4       0xac /home/vlab/FreeRTOS_Work/STM32F4_Firmware/STM32F4-FreeRTOS_Tmplt/build/tasks.o
                0x00000000080027c4                vTaskDelay
 .text.prvIdleTask
                0x0000000008002870       0x90 /home/vlab/FreeRTOS_Work/STM32F4_Firmware/STM32F4-FreeRTOS_Tmplt/build/tasks.o
 .text.vTaskSwitchContext
                0x0000000008002900       0xa4 /home/vlab/FreeRTOS_Work/STM32F4_Firmware/STM32F4-FreeRTOS_Tmplt/build/tasks.o
                0x0000000008002900                vTaskSwitchContext
 .text.vTaskPlaceOnEventList
                0x00000000080029a4       0xa4 /home/vlab/FreeRTOS_Work/STM32F4_Firmware/STM32F4-FreeRTOS_Tmplt/build/tasks.o
                0x00000000080029a4                vTaskPlaceOnEventList
 .text.vTaskPlaceOnEventListRestricted
                0x0000000008002a48       0xbc /home/vlab/FreeRTOS_Work/STM32F4_Firmware/STM32F4-FreeRTOS_Tmplt/build/tasks.o
                0x0000000008002a48                vTaskPlaceOnEventListRestricted
 .text.xTaskRemoveFromEventList
                0x0000000008002b04       0x90 /home/vlab/FreeRTOS_Work/STM32F4_Firmware/STM32F4-FreeRTOS_Tmplt/build/tasks.o
                0x0000000008002b04                xTaskRemoveFromEventList
 .text.vTaskSetTimeOutState
                0x0000000008002b94       0x2c /home/vlab/FreeRTOS_Work/STM32F4_Firmware/STM32F4-FreeRTOS_Tmplt/build/tasks.o
                0x0000000008002b94                vTaskSetTimeOutState
 .text.xTaskCheckForTimeOut
                0x0000000008002bc0       0x7c /home/vlab/FreeRTOS_Work/STM32F4_Firmware/STM32F4-FreeRTOS_Tmplt/build/tasks.o
                0x0000000008002bc0                xTaskCheckForTimeOut
 .text.vTaskMissedYield
                0x0000000008002c3c        0xc /home/vlab/FreeRTOS_Work/STM32F4_Firmware/STM32F4-FreeRTOS_Tmplt/build/tasks.o
                0x0000000008002c3c                vTaskMissedYield
 .text.xTaskGetSchedulerState
                0x0000000008002c48       0x20 /home/vlab/FreeRTOS_Work/STM32F4_Firmware/STM32F4-FreeRTOS_Tmplt/build/tasks.o
                0x0000000008002c48                xTaskGetSchedulerState
 .text.vTaskPriorityInherit
                0x0000000008002c68       0x9c /home/vlab/FreeRTOS_Work/STM32F4_Firmware/STM32F4-FreeRTOS_Tmplt/build/tasks.o
                0x0000000008002c68                vTaskPriorityInherit
 .text.xTaskPriorityDisinherit
                0x0000000008002d04       0xb0 /home/vlab/FreeRTOS_Work/STM32F4_Firmware/STM32F4-FreeRTOS_Tmplt/build/tasks.o
                0x0000000008002d04                xTaskPriorityDisinherit
 .text.pvTaskIncrementMutexHeldCount
                0x0000000008002db4       0x18 /home/vlab/FreeRTOS_Work/STM32F4_Firmware/STM32F4-FreeRTOS_Tmplt/build/tasks.o
                0x0000000008002db4                pvTaskIncrementMutexHeldCount
 .text.prvSwitchTimerLists
                0x0000000008002dcc       0x98 /home/vlab/FreeRTOS_Work/STM32F4_Firmware/STM32F4-FreeRTOS_Tmplt/build/timers.o
 .text.prvTimerTask
                0x0000000008002e64      0x270 /home/vlab/FreeRTOS_Work/STM32F4_Firmware/STM32F4-FreeRTOS_Tmplt/build/timers.o
 .text.xTimerCreateTimerTask
                0x00000000080030d4       0x98 /home/vlab/FreeRTOS_Work/STM32F4_Firmware/STM32F4-FreeRTOS_Tmplt/build/timers.o
                0x00000000080030d4                xTimerCreateTimerTask
 .text.pvPortMalloc
                0x000000000800316c      0x184 /home/vlab/FreeRTOS_Work/STM32F4_Firmware/STM32F4-FreeRTOS_Tmplt/build/heap_4.o
                0x000000000800316c                pvPortMalloc
 .text.vPortFree
                0x00000000080032f0       0xc8 /home/vlab/FreeRTOS_Work/STM32F4_Firmware/STM32F4-FreeRTOS_Tmplt/build/heap_4.o
                0x00000000080032f0                vPortFree
 .text.RCC_GetClocksFreq
                0x00000000080033b8       0x90 /home/vlab/FreeRTOS_Work/STM32F4_Firmware/STM32F4-FreeRTOS_Tmplt/build/stm32f4xx_rcc.o
                0x00000000080033b8                RCC_GetClocksFreq
 .text.RCC_AHB1PeriphClockCmd
                0x0000000008003448       0x18 /home/vlab/FreeRTOS_Work/STM32F4_Firmware/STM32F4-FreeRTOS_Tmplt/build/stm32f4xx_rcc.o
                0x0000000008003448                RCC_AHB1PeriphClockCmd
 .text.RCC_APB2PeriphClockCmd
                0x0000000008003460       0x18 /home/vlab/FreeRTOS_Work/STM32F4_Firmware/STM32F4-FreeRTOS_Tmplt/build/stm32f4xx_rcc.o
                0x0000000008003460                RCC_APB2PeriphClockCmd
 .text.GPIO_Init
                0x0000000008003478       0x94 /home/vlab/FreeRTOS_Work/STM32F4_Firmware/STM32F4-FreeRTOS_Tmplt/build/stm32f4xx_gpio.o
                0x0000000008003478                GPIO_Init
 .text.GPIO_ToggleBits
                0x000000000800350c        0x8 /home/vlab/FreeRTOS_Work/STM32F4_Firmware/STM32F4-FreeRTOS_Tmplt/build/stm32f4xx_gpio.o
                0x000000000800350c                GPIO_ToggleBits
 .text.GPIO_PinAFConfig
                0x0000000008003514       0x28 /home/vlab/FreeRTOS_Work/STM32F4_Firmware/STM32F4-FreeRTOS_Tmplt/build/stm32f4xx_gpio.o
                0x0000000008003514                GPIO_PinAFConfig
 .text.USART_Init
                0x000000000800353c       0xc4 /home/vlab/FreeRTOS_Work/STM32F4_Firmware/STM32F4-FreeRTOS_Tmplt/build/stm32f4xx_usart.o
                0x000000000800353c                USART_Init
 .text.USART_Cmd
                0x0000000008003600       0x1c /home/vlab/FreeRTOS_Work/STM32F4_Firmware/STM32F4-FreeRTOS_Tmplt/build/stm32f4xx_usart.o
                0x0000000008003600                USART_Cmd
 .text.USART_SendData
                0x000000000800361c        0x8 /home/vlab/FreeRTOS_Work/STM32F4_Firmware/STM32F4-FreeRTOS_Tmplt/build/stm32f4xx_usart.o
                0x000000000800361c                USART_SendData
 .text.USART_GetFlagStatus
                0x0000000008003624        0xc /home/vlab/FreeRTOS_Work/STM32F4_Firmware/STM32F4-FreeRTOS_Tmplt/build/stm32f4xx_usart.o
                0x0000000008003624                USART_GetFlagStatus
 .text.Reset_Handler
                0x0000000008003630       0x48 /home/vlab/FreeRTOS_Work/STM32F4_Firmware/STM32F4-FreeRTOS_Tmplt/build/startup_stm32f4xx.o
                0x0000000008003630                Reset_Handler
 .text.Default_Handler
                0x0000000008003678        0x2 /home/vlab/FreeRTOS_Work/STM32F4_Firmware/STM32F4-FreeRTOS_Tmplt/build/startup_stm32f4xx.o
                0x0000000008003678                RTC_Alarm_IRQHandler
                0x0000000008003678                HASH_RNG_IRQHandler
                0x0000000008003678                EXTI2_IRQHandler
                0x0000000008003678                TIM8_CC_IRQHandler
                0x0000000008003678                TIM1_CC_IRQHandler
                0x0000000008003678                DMA2_Stream5_IRQHandler
                0x0000000008003678                DMA1_Stream5_IRQHandler
                0x0000000008003678                PVD_IRQHandler
                0x0000000008003678                SDIO_IRQHandler
                0x0000000008003678                TAMP_STAMP_IRQHandler
                0x0000000008003678                CAN2_RX1_IRQHandler
                0x0000000008003678                EXTI3_IRQHandler
                0x0000000008003678                TIM8_TRG_COM_TIM14_IRQHandler
                0x0000000008003678                TIM1_UP_TIM10_IRQHandler
                0x0000000008003678                TIM8_UP_TIM13_IRQHandler
                0x0000000008003678                I2C3_ER_IRQHandler
                0x0000000008003678                EXTI0_IRQHandler
                0x0000000008003678                I2C2_EV_IRQHandler
                0x0000000008003678                DMA1_Stream2_IRQHandler
                0x0000000008003678                CAN1_RX0_IRQHandler
                0x0000000008003678                FPU_IRQHandler
                0x0000000008003678                OTG_HS_WKUP_IRQHandler
                0x0000000008003678                CAN2_SCE_IRQHandler
                0x0000000008003678                DMA2_Stream2_IRQHandler
                0x0000000008003678                SPI1_IRQHandler
                0x0000000008003678                TIM6_DAC_IRQHandler
                0x0000000008003678                TIM1_BRK_TIM9_IRQHandler
                0x0000000008003678                DCMI_IRQHandler
                0x0000000008003678                CAN2_RX0_IRQHandler
                0x0000000008003678                DMA2_Stream3_IRQHandler
                0x0000000008003678                USART6_IRQHandler
                0x0000000008003678                USART3_IRQHandler
                0x0000000008003678                CRYP_IRQHandler
                0x0000000008003678                CAN1_RX1_IRQHandler
                0x0000000008003678                UART5_IRQHandler
                0x0000000008003678                DMA2_Stream0_IRQHandler
                0x0000000008003678                TIM4_IRQHandler
                0x0000000008003678                I2C1_EV_IRQHandler
                0x0000000008003678                DMA1_Stream6_IRQHandler
                0x0000000008003678                DMA1_Stream1_IRQHandler
                0x0000000008003678                UART4_IRQHandler
                0x0000000008003678                TIM3_IRQHandler
                0x0000000008003678                RCC_IRQHandler
                0x0000000008003678                TIM8_BRK_TIM12_IRQHandler
                0x0000000008003678                Default_Handler
                0x0000000008003678                EXTI15_10_IRQHandler
                0x0000000008003678                ADC_IRQHandler
                0x0000000008003678                DMA1_Stream7_IRQHandler
                0x0000000008003678                TIM7_IRQHandler
                0x0000000008003678                CAN2_TX_IRQHandler
                0x0000000008003678                TIM5_IRQHandler
                0x0000000008003678                DMA2_Stream7_IRQHandler
                0x0000000008003678                I2C3_EV_IRQHandler
                0x0000000008003678                EXTI9_5_IRQHandler
                0x0000000008003678                RTC_WKUP_IRQHandler
                0x0000000008003678                ETH_WKUP_IRQHandler
                0x0000000008003678                SPI2_IRQHandler
                0x0000000008003678                OTG_HS_EP1_IN_IRQHandler
                0x0000000008003678                DMA1_Stream0_IRQHandler
                0x0000000008003678                CAN1_TX_IRQHandler
                0x0000000008003678                EXTI4_IRQHandler
                0x0000000008003678                FSMC_IRQHandler
                0x0000000008003678                ETH_IRQHandler
                0x0000000008003678                OTG_HS_EP1_OUT_IRQHandler
                0x0000000008003678                WWDG_IRQHandler
                0x0000000008003678                TIM2_IRQHandler
                0x0000000008003678                OTG_FS_WKUP_IRQHandler
                0x0000000008003678                TIM1_TRG_COM_TIM11_IRQHandler
                0x0000000008003678                OTG_HS_IRQHandler
                0x0000000008003678                EXTI1_IRQHandler
                0x0000000008003678                USART2_IRQHandler
                0x0000000008003678                I2C2_ER_IRQHandler
                0x0000000008003678                DMA2_Stream1_IRQHandler
                0x0000000008003678                CAN1_SCE_IRQHandler
                0x0000000008003678                FLASH_IRQHandler
                0x0000000008003678                DMA2_Stream4_IRQHandler
                0x0000000008003678                USART1_IRQHandler
                0x0000000008003678                OTG_FS_IRQHandler
                0x0000000008003678                SPI3_IRQHandler
                0x0000000008003678                DMA1_Stream4_IRQHandler
                0x0000000008003678                I2C1_ER_IRQHandler
                0x0000000008003678                DMA2_Stream6_IRQHandler
                0x0000000008003678                DMA1_Stream3_IRQHandler
 *fill*         0x000000000800367a        0x2 
 .text.__errno  0x000000000800367c        0xc /opt/gcc-arm/bin/../lib/gcc/arm-none-eabi/10.3.1/../../../../arm-none-eabi/lib/thumb/v7e-m+fp/hard/libc.a(lib_a-errno.o)
                0x000000000800367c                __errno
 .text.__libc_init_array
                0x0000000008003688       0x48 /opt/gcc-arm/bin/../lib/gcc/arm-none-eabi/10.3.1/../../../../arm-none-eabi/lib/thumb/v7e-m+fp/hard/libc.a(lib_a-init.o)
                0x0000000008003688                __libc_init_array
 .text.memset   0x00000000080036d0       0xa4 /opt/gcc-arm/bin/../lib/gcc/arm-none-eabi/10.3.1/../../../../arm-none-eabi/lib/thumb/v7e-m+fp/hard/libc.a(lib_a-memset.o)
                0x00000000080036d0                memset
 .text.sprintf  0x0000000008003774       0x40 /opt/gcc-arm/bin/../lib/gcc/arm-none-eabi/10.3.1/../../../../arm-none-eabi/lib/thumb/v7e-m+fp/hard/libc.a(lib_a-sprintf.o)
                0x0000000008003774                sprintf
 *fill*         0x00000000080037b4        0x4 
 .text._svfprintf_r
                0x00000000080037b8     0x1acc /opt/gcc-arm/bin/../lib/gcc/arm-none-eabi/10.3.1/../../../../arm-none-eabi/lib/thumb/v7e-m+fp/hard/libc.a(lib_a-svfprintf.o)
                0x00000000080037b8                _svfprintf_r
 .text.quorem   0x0000000008005284      0x128 /opt/gcc-arm/bin/../lib/gcc/arm-none-eabi/10.3.1/../../../../arm-none-eabi/lib/thumb/v7e-m+fp/hard/libc.a(lib_a-dtoa.o)
 *fill*         0x00000000080053ac        0x4 
 .text._dtoa_r  0x00000000080053b0      0xf3c /opt/gcc-arm/bin/../lib/gcc/arm-none-eabi/10.3.1/../../../../arm-none-eabi/lib/thumb/v7e-m+fp/hard/libc.a(lib_a-dtoa.o)
                0x00000000080053b0                _dtoa_r
 .text._malloc_trim_r
                0x00000000080062ec       0xa0 /opt/gcc-arm/bin/../lib/gcc/arm-none-eabi/10.3.1/../../../../arm-none-eabi/lib/thumb/v7e-m+fp/hard/libc.a(lib_a-freer.o)
                0x00000000080062ec                _malloc_trim_r
 .text._free_r  0x000000000800638c      0x20c /opt/gcc-arm/bin/../lib/gcc/arm-none-eabi/10.3.1/../../../../arm-none-eabi/lib/thumb/v7e-m+fp/hard/libc.a(lib_a-freer.o)
                0x000000000800638c                _free_r
 .text._localeconv_r
                0x0000000008006598        0x8 /opt/gcc-arm/bin/../lib/gcc/arm-none-eabi/10.3.1/../../../../arm-none-eabi/lib/thumb/v7e-m+fp/hard/libc.a(lib_a-localeconv.o)
                0x0000000008006598                _localeconv_r
 .text.__retarget_lock_init_recursive
                0x00000000080065a0        0x4 /opt/gcc-arm/bin/../lib/gcc/arm-none-eabi/10.3.1/../../../../arm-none-eabi/lib/thumb/v7e-m+fp/hard/libc.a(lib_a-lock.o)
                0x00000000080065a0                __retarget_lock_init_recursive
 .text.__retarget_lock_close_recursive
                0x00000000080065a4        0x4 /opt/gcc-arm/bin/../lib/gcc/arm-none-eabi/10.3.1/../../../../arm-none-eabi/lib/thumb/v7e-m+fp/hard/libc.a(lib_a-lock.o)
                0x00000000080065a4                __retarget_lock_close_recursive
 .text.__retarget_lock_acquire_recursive
                0x00000000080065a8        0x4 /opt/gcc-arm/bin/../lib/gcc/arm-none-eabi/10.3.1/../../../../arm-none-eabi/lib/thumb/v7e-m+fp/hard/libc.a(lib_a-lock.o)
                0x00000000080065a8                __retarget_lock_acquire_recursive
 .text.__retarget_lock_release_recursive
                0x00000000080065ac        0x4 /opt/gcc-arm/bin/../lib/gcc/arm-none-eabi/10.3.1/../../../../arm-none-eabi/lib/thumb/v7e-m+fp/hard/libc.a(lib_a-lock.o)
                0x00000000080065ac                __retarget_lock_release_recursive
 .text._malloc_r
                0x00000000080065b0      0x560 /opt/gcc-arm/bin/../lib/gcc/arm-none-eabi/10.3.1/../../../../arm-none-eabi/lib/thumb/v7e-m+fp/hard/libc.a(lib_a-mallocr.o)
                0x00000000080065b0                _malloc_r
 .text.__malloc_lock
                0x0000000008006b10        0xc /opt/gcc-arm/bin/../lib/gcc/arm-none-eabi/10.3.1/../../../../arm-none-eabi/lib/thumb/v7e-m+fp/hard/libc.a(lib_a-mlock.o)
                0x0000000008006b10                __malloc_lock
 .text.__malloc_unlock
                0x0000000008006b1c        0xc /opt/gcc-arm/bin/../lib/gcc/arm-none-eabi/10.3.1/../../../../arm-none-eabi/lib/thumb/v7e-m+fp/hard/libc.a(lib_a-mlock.o)
                0x0000000008006b1c                __malloc_unlock
 .text._Balloc  0x0000000008006b28       0x4c /opt/gcc-arm/bin/../lib/gcc/arm-none-eabi/10.3.1/../../../../arm-none-eabi/lib/thumb/v7e-m+fp/hard/libc.a(lib_a-mprec.o)
                0x0000000008006b28                _Balloc
 .text._Bfree   0x0000000008006b74       0x14 /opt/gcc-arm/bin/../lib/gcc/arm-none-eabi/10.3.1/../../../../arm-none-eabi/lib/thumb/v7e-m+fp/hard/libc.a(lib_a-mprec.o)
                0x0000000008006b74                _Bfree
 .text.__multadd
                0x0000000008006b88       0xa8 /opt/gcc-arm/bin/../lib/gcc/arm-none-eabi/10.3.1/../../../../arm-none-eabi/lib/thumb/v7e-m+fp/hard/libc.a(lib_a-mprec.o)
                0x0000000008006b88                __multadd
 .text.__hi0bits
                0x0000000008006c30       0x40 /opt/gcc-arm/bin/../lib/gcc/arm-none-eabi/10.3.1/../../../../arm-none-eabi/lib/thumb/v7e-m+fp/hard/libc.a(lib_a-mprec.o)
                0x0000000008006c30                __hi0bits
 .text.__lo0bits
                0x0000000008006c70       0x60 /opt/gcc-arm/bin/../lib/gcc/arm-none-eabi/10.3.1/../../../../arm-none-eabi/lib/thumb/v7e-m+fp/hard/libc.a(lib_a-mprec.o)
                0x0000000008006c70                __lo0bits
 .text.__i2b    0x0000000008006cd0       0x5c /opt/gcc-arm/bin/../lib/gcc/arm-none-eabi/10.3.1/../../../../arm-none-eabi/lib/thumb/v7e-m+fp/hard/libc.a(lib_a-mprec.o)
                0x0000000008006cd0                __i2b
 .text.__multiply
                0x0000000008006d2c      0x15c /opt/gcc-arm/bin/../lib/gcc/arm-none-eabi/10.3.1/../../../../arm-none-eabi/lib/thumb/v7e-m+fp/hard/libc.a(lib_a-mprec.o)
                0x0000000008006d2c                __multiply
 .text.__pow5mult
                0x0000000008006e88       0xc0 /opt/gcc-arm/bin/../lib/gcc/arm-none-eabi/10.3.1/../../../../arm-none-eabi/lib/thumb/v7e-m+fp/hard/libc.a(lib_a-mprec.o)
                0x0000000008006e88                __pow5mult
 .text.__lshift
                0x0000000008006f48       0xf0 /opt/gcc-arm/bin/../lib/gcc/arm-none-eabi/10.3.1/../../../../arm-none-eabi/lib/thumb/v7e-m+fp/hard/libc.a(lib_a-mprec.o)
                0x0000000008006f48                __lshift
 .text.__mcmp   0x0000000008007038       0x44 /opt/gcc-arm/bin/../lib/gcc/arm-none-eabi/10.3.1/../../../../arm-none-eabi/lib/thumb/v7e-m+fp/hard/libc.a(lib_a-mprec.o)
                0x0000000008007038                __mcmp
 .text.__mdiff  0x000000000800707c      0x14c /opt/gcc-arm/bin/../lib/gcc/arm-none-eabi/10.3.1/../../../../arm-none-eabi/lib/thumb/v7e-m+fp/hard/libc.a(lib_a-mprec.o)
                0x000000000800707c                __mdiff
 .text.__d2b    0x00000000080071c8       0xd0 /opt/gcc-arm/bin/../lib/gcc/arm-none-eabi/10.3.1/../../../../arm-none-eabi/lib/thumb/v7e-m+fp/hard/libc.a(lib_a-mprec.o)
                0x00000000080071c8                __d2b
 .text.frexp    0x0000000008007298       0x6c /opt/gcc-arm/bin/../lib/gcc/arm-none-eabi/10.3.1/../../../../arm-none-eabi/lib/thumb/v7e-m+fp/hard/libc.a(lib_a-s_frexp.o)
                0x0000000008007298                frexp
 .text._sbrk_r  0x0000000008007304       0x24 /opt/gcc-arm/bin/../lib/gcc/arm-none-eabi/10.3.1/../../../../arm-none-eabi/lib/thumb/v7e-m+fp/hard/libc.a(lib_a-sbrkr.o)
                0x0000000008007304                _sbrk_r
 .text.strncpy  0x0000000008007328       0x64 /opt/gcc-arm/bin/../lib/gcc/arm-none-eabi/10.3.1/../../../../arm-none-eabi/lib/thumb/v7e-m+fp/hard/libc.a(lib_a-strncpy.o)
                0x0000000008007328                strncpy
 .text.__ssprint_r
                0x000000000800738c       0xf8 /opt/gcc-arm/bin/../lib/gcc/arm-none-eabi/10.3.1/../../../../arm-none-eabi/lib/thumb/v7e-m+fp/hard/libc.a(lib_a-svfiprintf.o)
                0x000000000800738c                __ssprint_r
 .text.__assert_func
                0x0000000008007484       0x40 /opt/gcc-arm/bin/../lib/gcc/arm-none-eabi/10.3.1/../../../../arm-none-eabi/lib/thumb/v7e-m+fp/hard/libc.a(lib_a-assert.o)
                0x0000000008007484                __assert_func
 .text._calloc_r
                0x00000000080074c4       0x78 /opt/gcc-arm/bin/../lib/gcc/arm-none-eabi/10.3.1/../../../../arm-none-eabi/lib/thumb/v7e-m+fp/hard/libc.a(lib_a-callocr.o)
                0x00000000080074c4                _calloc_r
 .text.fiprintf
                0x000000000800753c       0x28 /opt/gcc-arm/bin/../lib/gcc/arm-none-eabi/10.3.1/../../../../arm-none-eabi/lib/thumb/v7e-m+fp/hard/libc.a(lib_a-fiprintf.o)
                0x000000000800753c                fiprintf
 .text.__locale_mb_cur_max
                0x0000000008007564        0xc /opt/gcc-arm/bin/../lib/gcc/arm-none-eabi/10.3.1/../../../../arm-none-eabi/lib/thumb/v7e-m+fp/hard/libc.a(lib_a-locale.o)
                0x0000000008007564                __locale_mb_cur_max
 .text.__ascii_mbtowc
                0x0000000008007570       0x2c /opt/gcc-arm/bin/../lib/gcc/arm-none-eabi/10.3.1/../../../../arm-none-eabi/lib/thumb/v7e-m+fp/hard/libc.a(lib_a-mbtowc_r.o)
                0x0000000008007570                __ascii_mbtowc
 .text.memmove  0x000000000800759c       0xf8 /opt/gcc-arm/bin/../lib/gcc/arm-none-eabi/10.3.1/../../../../arm-none-eabi/lib/thumb/v7e-m+fp/hard/libc.a(lib_a-memmove.o)
                0x000000000800759c                memmove
 .text._realloc_r
                0x0000000008007694      0x3d8 /opt/gcc-arm/bin/../lib/gcc/arm-none-eabi/10.3.1/../../../../arm-none-eabi/lib/thumb/v7e-m+fp/hard/libc.a(lib_a-reallocr.o)
                0x0000000008007694                _realloc_r
 .text.__sprint_r.part.0
                0x0000000008007a6c       0x78 /opt/gcc-arm/bin/../lib/gcc/arm-none-eabi/10.3.1/../../../../arm-none-eabi/lib/thumb/v7e-m+fp/hard/libc.a(lib_a-vfiprintf.o)
 .text._vfiprintf_r
                0x0000000008007ae4      0xdfc /opt/gcc-arm/bin/../lib/gcc/arm-none-eabi/10.3.1/../../../../arm-none-eabi/lib/thumb/v7e-m+fp/hard/libc.a(lib_a-vfiprintf.o)
                0x0000000008007ae4                _vfiprintf_r
 .text.__sbprintf
                0x00000000080088e0       0x80 /opt/gcc-arm/bin/../lib/gcc/arm-none-eabi/10.3.1/../../../../arm-none-eabi/lib/thumb/v7e-m+fp/hard/libc.a(lib_a-vfiprintf.o)
 .text.__ascii_wctomb
                0x0000000008008960       0x1c /opt/gcc-arm/bin/../lib/gcc/arm-none-eabi/10.3.1/../../../../arm-none-eabi/lib/thumb/v7e-m+fp/hard/libc.a(lib_a-wctomb_r.o)
                0x0000000008008960                __ascii_wctomb
 .text.__swsetup_r
                0x000000000800897c       0xd4 /opt/gcc-arm/bin/../lib/gcc/arm-none-eabi/10.3.1/../../../../arm-none-eabi/lib/thumb/v7e-m+fp/hard/libc.a(lib_a-wsetup.o)
                0x000000000800897c                __swsetup_r
 .text.abort    0x0000000008008a50       0x10 /opt/gcc-arm/bin/../lib/gcc/arm-none-eabi/10.3.1/../../../../arm-none-eabi/lib/thumb/v7e-m+fp/hard/libc.a(lib_a-abort.o)
                0x0000000008008a50                abort
 .text.__sflush_r
                0x0000000008008a60      0x130 /opt/gcc-arm/bin/../lib/gcc/arm-none-eabi/10.3.1/../../../../arm-none-eabi/lib/thumb/v7e-m+fp/hard/libc.a(lib_a-fflush.o)
                0x0000000008008a60                __sflush_r
 .text._fflush_r
                0x0000000008008b90       0x5c /opt/gcc-arm/bin/../lib/gcc/arm-none-eabi/10.3.1/../../../../arm-none-eabi/lib/thumb/v7e-m+fp/hard/libc.a(lib_a-fflush.o)
                0x0000000008008b90                _fflush_r
 .text._cleanup_r
                0x0000000008008bec        0xc /opt/gcc-arm/bin/../lib/gcc/arm-none-eabi/10.3.1/../../../../arm-none-eabi/lib/thumb/v7e-m+fp/hard/libc.a(lib_a-findfp.o)
                0x0000000008008bec                _cleanup_r
 .text.__sinit  0x0000000008008bf8      0x10c /opt/gcc-arm/bin/../lib/gcc/arm-none-eabi/10.3.1/../../../../arm-none-eabi/lib/thumb/v7e-m+fp/hard/libc.a(lib_a-findfp.o)
                0x0000000008008bf8                __sinit
 .text.__sfp_lock_acquire
                0x0000000008008d04        0xc /opt/gcc-arm/bin/../lib/gcc/arm-none-eabi/10.3.1/../../../../arm-none-eabi/lib/thumb/v7e-m+fp/hard/libc.a(lib_a-findfp.o)
                0x0000000008008d04                __sfp_lock_acquire
 .text.__sfp_lock_release
                0x0000000008008d10        0xc /opt/gcc-arm/bin/../lib/gcc/arm-none-eabi/10.3.1/../../../../arm-none-eabi/lib/thumb/v7e-m+fp/hard/libc.a(lib_a-findfp.o)
                0x0000000008008d10                __sfp_lock_release
 .text.__fputwc
                0x0000000008008d1c       0xa8 /opt/gcc-arm/bin/../lib/gcc/arm-none-eabi/10.3.1/../../../../arm-none-eabi/lib/thumb/v7e-m+fp/hard/libc.a(lib_a-fputwc.o)
                0x0000000008008d1c                __fputwc
 .text._fputwc_r
                0x0000000008008dc4       0x68 /opt/gcc-arm/bin/../lib/gcc/arm-none-eabi/10.3.1/../../../../arm-none-eabi/lib/thumb/v7e-m+fp/hard/libc.a(lib_a-fputwc.o)
                0x0000000008008dc4                _fputwc_r
 .text.__sfvwrite_r
                0x0000000008008e2c      0x2f0 /opt/gcc-arm/bin/../lib/gcc/arm-none-eabi/10.3.1/../../../../arm-none-eabi/lib/thumb/v7e-m+fp/hard/libc.a(lib_a-fvwrite.o)
                0x0000000008008e2c                __sfvwrite_r
 .text._fwalk_reent
                0x000000000800911c       0x48 /opt/gcc-arm/bin/../lib/gcc/arm-none-eabi/10.3.1/../../../../arm-none-eabi/lib/thumb/v7e-m+fp/hard/libc.a(lib_a-fwalk.o)
                0x000000000800911c                _fwalk_reent
 .text.__smakebuf_r
                0x0000000008009164       0xe0 /opt/gcc-arm/bin/../lib/gcc/arm-none-eabi/10.3.1/../../../../arm-none-eabi/lib/thumb/v7e-m+fp/hard/libc.a(lib_a-makebuf.o)
                0x0000000008009164                __smakebuf_r
 .text.raise    0x0000000008009244       0x5c /opt/gcc-arm/bin/../lib/gcc/arm-none-eabi/10.3.1/../../../../arm-none-eabi/lib/thumb/v7e-m+fp/hard/libc.a(lib_a-signal.o)
                0x0000000008009244                raise
 .text._kill_r  0x00000000080092a0       0x2c /opt/gcc-arm/bin/../lib/gcc/arm-none-eabi/10.3.1/../../../../arm-none-eabi/lib/thumb/v7e-m+fp/hard/libc.a(lib_a-signalr.o)
                0x00000000080092a0                _kill_r
 .text._getpid_r
                0x00000000080092cc        0x4 /opt/gcc-arm/bin/../lib/gcc/arm-none-eabi/10.3.1/../../../../arm-none-eabi/lib/thumb/v7e-m+fp/hard/libc.a(lib_a-signalr.o)
                0x00000000080092cc                _getpid_r
 .text.__sread  0x00000000080092d0       0x24 /opt/gcc-arm/bin/../lib/gcc/arm-none-eabi/10.3.1/../../../../arm-none-eabi/lib/thumb/v7e-m+fp/hard/libc.a(lib_a-stdio.o)
                0x00000000080092d0                __sread
 .text.__swrite
                0x00000000080092f4       0x40 /opt/gcc-arm/bin/../lib/gcc/arm-none-eabi/10.3.1/../../../../arm-none-eabi/lib/thumb/v7e-m+fp/hard/libc.a(lib_a-stdio.o)
                0x00000000080092f4                __swrite
 .text.__sseek  0x0000000008009334       0x20 /opt/gcc-arm/bin/../lib/gcc/arm-none-eabi/10.3.1/../../../../arm-none-eabi/lib/thumb/v7e-m+fp/hard/libc.a(lib_a-stdio.o)
                0x0000000008009334                __sseek
 .text.__sclose
                0x0000000008009354        0x8 /opt/gcc-arm/bin/../lib/gcc/arm-none-eabi/10.3.1/../../../../arm-none-eabi/lib/thumb/v7e-m+fp/hard/libc.a(lib_a-stdio.o)
                0x0000000008009354                __sclose
 .text.__swbuf_r
                0x000000000800935c       0xb0 /opt/gcc-arm/bin/../lib/gcc/arm-none-eabi/10.3.1/../../../../arm-none-eabi/lib/thumb/v7e-m+fp/hard/libc.a(lib_a-wbuf.o)
                0x000000000800935c                __swbuf_r
 .text._wcrtomb_r
                0x000000000800940c       0x3c /opt/gcc-arm/bin/../lib/gcc/arm-none-eabi/10.3.1/../../../../arm-none-eabi/lib/thumb/v7e-m+fp/hard/libc.a(lib_a-wcrtomb.o)
                0x000000000800940c                _wcrtomb_r
 .text._write_r
                0x0000000008009448       0x2c /opt/gcc-arm/bin/../lib/gcc/arm-none-eabi/10.3.1/../../../../arm-none-eabi/lib/thumb/v7e-m+fp/hard/libc.a(lib_a-writer.o)
                0x0000000008009448                _write_r
 .text._close_r
                0x0000000008009474       0x24 /opt/gcc-arm/bin/../lib/gcc/arm-none-eabi/10.3.1/../../../../arm-none-eabi/lib/thumb/v7e-m+fp/hard/libc.a(lib_a-closer.o)
                0x0000000008009474                _close_r
 .text._fclose_r
                0x0000000008009498       0xcc /opt/gcc-arm/bin/../lib/gcc/arm-none-eabi/10.3.1/../../../../arm-none-eabi/lib/thumb/v7e-m+fp/hard/libc.a(lib_a-fclose.o)
                0x0000000008009498                _fclose_r
 .text._fstat_r
                0x0000000008009564       0x2c /opt/gcc-arm/bin/../lib/gcc/arm-none-eabi/10.3.1/../../../../arm-none-eabi/lib/thumb/v7e-m+fp/hard/libc.a(lib_a-fstatr.o)
                0x0000000008009564                _fstat_r
 .text._isatty_r
                0x0000000008009590       0x24 /opt/gcc-arm/bin/../lib/gcc/arm-none-eabi/10.3.1/../../../../arm-none-eabi/lib/thumb/v7e-m+fp/hard/libc.a(lib_a-isattyr.o)
                0x0000000008009590                _isatty_r
 .text._lseek_r
                0x00000000080095b4       0x2c /opt/gcc-arm/bin/../lib/gcc/arm-none-eabi/10.3.1/../../../../arm-none-eabi/lib/thumb/v7e-m+fp/hard/libc.a(lib_a-lseekr.o)
                0x00000000080095b4                _lseek_r
 .text._read_r  0x00000000080095e0       0x2c /opt/gcc-arm/bin/../lib/gcc/arm-none-eabi/10.3.1/../../../../arm-none-eabi/lib/thumb/v7e-m+fp/hard/libc.a(lib_a-readr.o)
                0x00000000080095e0                _read_r
 *(.glue_7)
 .glue_7        0x000000000800960c        0x0 linker stubs
 *(.glue_7t)
 .glue_7t       0x000000000800960c        0x0 linker stubs
 *(.eh_frame)
 *(.init)
 .init          0x000000000800960c        0x4 /opt/gcc-arm/bin/../lib/gcc/arm-none-eabi/10.3.1/thumb/v7e-m+fp/hard/crti.o
                0x000000000800960c                _init
 .init          0x0000000008009610        0x8 /opt/gcc-arm/bin/../lib/gcc/arm-none-eabi/10.3.1/thumb/v7e-m+fp/hard/crtn.o
 *(.fini)
 .fini          0x0000000008009618        0x4 /opt/gcc-arm/bin/../lib/gcc/arm-none-eabi/10.3.1/thumb/v7e-m+fp/hard/crti.o
                0x0000000008009618                _fini
 .fini          0x000000000800961c        0x8 /opt/gcc-arm/bin/../lib/gcc/arm-none-eabi/10.3.1/thumb/v7e-m+fp/hard/crtn.o
                0x0000000008009624                . = ALIGN (0x4)
                0x0000000008009624                _etext = .

.vfp11_veneer   0x0000000008009624        0x0
 .vfp11_veneer  0x0000000008009624        0x0 linker stubs

.v4_bx          0x0000000008009624        0x0
 .v4_bx         0x0000000008009624        0x0 linker stubs

.iplt           0x0000000008009624        0x0
 .iplt          0x0000000008009624        0x0 /home/vlab/FreeRTOS_Work/STM32F4_Firmware/STM32F4-FreeRTOS_Tmplt/build/stm32f4xx_it.o

.rodata         0x0000000008009628      0x6d0
                0x0000000008009628                . = ALIGN (0x4)
 *(.rodata)
 *(.rodata*)
 .rodata.AHBPrescTable
                0x0000000008009628       0x10 /home/vlab/FreeRTOS_Work/STM32F4_Firmware/STM32F4-FreeRTOS_Tmplt/build/system_stm32f4xx.o
                0x0000000008009628                AHBPrescTable
 .rodata.vGreen_LED.str1.4
                0x0000000008009638       0x27 /home/vlab/FreeRTOS_Work/STM32F4_Firmware/STM32F4-FreeRTOS_Tmplt/build/main.o
 *fill*         0x000000000800965f        0x1 
 .rodata.vRed_LED.str1.4
                0x0000000008009660       0x25 /home/vlab/FreeRTOS_Work/STM32F4_Firmware/STM32F4-FreeRTOS_Tmplt/build/main.o
 *fill*         0x0000000008009685        0x3 
 .rodata.vApplicationStackOverflowHook.str1.4
                0x0000000008009688       0x24 /home/vlab/FreeRTOS_Work/STM32F4_Firmware/STM32F4-FreeRTOS_Tmplt/build/main.o
 .rodata.vApplicationMallocFailedHook.str1.4
                0x00000000080096ac       0x26 /home/vlab/FreeRTOS_Work/STM32F4_Firmware/STM32F4-FreeRTOS_Tmplt/build/main.o
 *fill*         0x00000000080096d2        0x2 
 .rodata.vAssertCalled.str1.4
                0x00000000080096d4       0x30 /home/vlab/FreeRTOS_Work/STM32F4_Firmware/STM32F4-FreeRTOS_Tmplt/build/main.o
 .rodata.main.str1.4
                0x0000000008009704       0x1d /home/vlab/FreeRTOS_Work/STM32F4_Firmware/STM32F4-FreeRTOS_Tmplt/build/main.o
 *fill*         0x0000000008009721        0x3 
 .rodata.prvTaskExitError.str1.4
                0x0000000008009724       0x67 /home/vlab/FreeRTOS_Work/STM32F4_Firmware/STM32F4-FreeRTOS_Tmplt/build/port.o
 *fill*         0x000000000800978b        0x1 
 .rodata.xQueueGenericReset.str1.4
                0x000000000800978c       0x52 /home/vlab/FreeRTOS_Work/STM32F4_Firmware/STM32F4-FreeRTOS_Tmplt/build/queue.o
 *fill*         0x00000000080097de        0x2 
 .rodata.vTaskDelete.str1.4
                0x00000000080097e0       0x52 /home/vlab/FreeRTOS_Work/STM32F4_Firmware/STM32F4-FreeRTOS_Tmplt/build/tasks.o
 *fill*         0x0000000008009832        0x2 
 .rodata.prvSwitchTimerLists.str1.4
                0x0000000008009834       0x53 /home/vlab/FreeRTOS_Work/STM32F4_Firmware/STM32F4-FreeRTOS_Tmplt/build/timers.o
 *fill*         0x0000000008009887        0x1 
 .rodata.xTimerCreateTimerTask.str1.4
                0x0000000008009888       0x10 /home/vlab/FreeRTOS_Work/STM32F4_Firmware/STM32F4-FreeRTOS_Tmplt/build/timers.o
 .rodata.pvPortMalloc.str1.4
                0x0000000008009898       0x64 /home/vlab/FreeRTOS_Work/STM32F4_Firmware/STM32F4-FreeRTOS_Tmplt/build/heap_4.o
 .rodata._svfprintf_r.str1.4
                0x00000000080098fc       0x42 /opt/gcc-arm/bin/../lib/gcc/arm-none-eabi/10.3.1/../../../../arm-none-eabi/lib/thumb/v7e-m+fp/hard/libc.a(lib_a-svfprintf.o)
 *fill*         0x000000000800993e        0x2 
 .rodata.blanks.1
                0x0000000008009940       0x10 /opt/gcc-arm/bin/../lib/gcc/arm-none-eabi/10.3.1/../../../../arm-none-eabi/lib/thumb/v7e-m+fp/hard/libc.a(lib_a-svfprintf.o)
 .rodata.zeroes.0
                0x0000000008009950       0x10 /opt/gcc-arm/bin/../lib/gcc/arm-none-eabi/10.3.1/../../../../arm-none-eabi/lib/thumb/v7e-m+fp/hard/libc.a(lib_a-svfprintf.o)
 .rodata._dtoa_r.str1.4
                0x0000000008009960       0xa2 /opt/gcc-arm/bin/../lib/gcc/arm-none-eabi/10.3.1/../../../../arm-none-eabi/lib/thumb/v7e-m+fp/hard/libc.a(lib_a-dtoa.o)
                                         0xa6 (size before relaxing)
 *fill*         0x0000000008009a02        0x2 
 .rodata.__multadd.str1.4
                0x0000000008009a04       0x7f /opt/gcc-arm/bin/../lib/gcc/arm-none-eabi/10.3.1/../../../../arm-none-eabi/lib/thumb/v7e-m+fp/hard/libc.a(lib_a-mprec.o)
                                         0x93 (size before relaxing)
 *fill*         0x0000000008009a83        0x5 
 .rodata.__mprec_bigtens
                0x0000000008009a88       0x28 /opt/gcc-arm/bin/../lib/gcc/arm-none-eabi/10.3.1/../../../../arm-none-eabi/lib/thumb/v7e-m+fp/hard/libc.a(lib_a-mprec.o)
                0x0000000008009a88                __mprec_bigtens
 .rodata.__mprec_tens
                0x0000000008009ab0       0xc8 /opt/gcc-arm/bin/../lib/gcc/arm-none-eabi/10.3.1/../../../../arm-none-eabi/lib/thumb/v7e-m+fp/hard/libc.a(lib_a-mprec.o)
                0x0000000008009ab0                __mprec_tens
 .rodata.p05.0  0x0000000008009b78        0xc /opt/gcc-arm/bin/../lib/gcc/arm-none-eabi/10.3.1/../../../../arm-none-eabi/lib/thumb/v7e-m+fp/hard/libc.a(lib_a-mprec.o)
 .rodata.__assert_func.str1.4
                0x0000000008009b84       0x3f /opt/gcc-arm/bin/../lib/gcc/arm-none-eabi/10.3.1/../../../../arm-none-eabi/lib/thumb/v7e-m+fp/hard/libc.a(lib_a-assert.o)
                                         0x43 (size before relaxing)
 *fill*         0x0000000008009bc3        0x1 
 .rodata._setlocale_r.str1.4
                0x0000000008009bc4        0xa /opt/gcc-arm/bin/../lib/gcc/arm-none-eabi/10.3.1/../../../../arm-none-eabi/lib/thumb/v7e-m+fp/hard/libc.a(lib_a-locale.o)
                                          0xd (size before relaxing)
 *fill*         0x0000000008009bce        0x2 
 .rodata.str1.4
                0x0000000008009bd0        0x2 /opt/gcc-arm/bin/../lib/gcc/arm-none-eabi/10.3.1/../../../../arm-none-eabi/lib/thumb/v7e-m+fp/hard/libc.a(lib_a-locale.o)
 .rodata._vfiprintf_r.str1.4
                0x0000000008009bd2       0x2f /opt/gcc-arm/bin/../lib/gcc/arm-none-eabi/10.3.1/../../../../arm-none-eabi/lib/thumb/v7e-m+fp/hard/libc.a(lib_a-vfiprintf.o)
 *fill*         0x0000000008009bd2        0x2 
 .rodata.blanks.1
                0x0000000008009bd4       0x10 /opt/gcc-arm/bin/../lib/gcc/arm-none-eabi/10.3.1/../../../../arm-none-eabi/lib/thumb/v7e-m+fp/hard/libc.a(lib_a-vfiprintf.o)
 .rodata.zeroes.0
                0x0000000008009be4       0x10 /opt/gcc-arm/bin/../lib/gcc/arm-none-eabi/10.3.1/../../../../arm-none-eabi/lib/thumb/v7e-m+fp/hard/libc.a(lib_a-vfiprintf.o)
 .rodata._ctype_
                0x0000000008009bf4      0x101 /opt/gcc-arm/bin/../lib/gcc/arm-none-eabi/10.3.1/../../../../arm-none-eabi/lib/thumb/v7e-m+fp/hard/libc.a(lib_a-ctype_.o)
                0x0000000008009bf4                _ctype_
                0x0000000008009cf8                . = ALIGN (0x4)
 *fill*         0x0000000008009cf5        0x3 
                0x0000000008009d00                _sidata = LOADADDR (.data)

.ARM.exidx      0x0000000008009cf8        0x8
 .ARM.exidx     0x0000000008009cf8        0x8 /opt/gcc-arm/bin/../lib/gcc/arm-none-eabi/10.3.1/thumb/v7e-m+fp/hard/libgcc.a(_udivmoddi4.o)

.rel.dyn        0x0000000008009d00        0x0
 .rel.iplt      0x0000000008009d00        0x0 /home/vlab/FreeRTOS_Work/STM32F4_Firmware/STM32F4-FreeRTOS_Tmplt/build/stm32f4xx_it.o

.data           0x0000000020000000      0x9c4 load address 0x0000000008009d00
                0x0000000020000000                . = ALIGN (0x4)
                0x0000000020000000                _sdata = .
 *(.data)
 *(.data*)
 .data.SystemCoreClock
                0x0000000020000000        0x4 /home/vlab/FreeRTOS_Work/STM32F4_Firmware/STM32F4-FreeRTOS_Tmplt/build/system_stm32f4xx.o
                0x0000000020000000                SystemCoreClock
 .data.uxCriticalNesting
                0x0000000020000004        0x4 /home/vlab/FreeRTOS_Work/STM32F4_Firmware/STM32F4-FreeRTOS_Tmplt/build/port.o
 .data.APBAHBPrescTable
                0x0000000020000008       0x10 /home/vlab/FreeRTOS_Work/STM32F4_Firmware/STM32F4-FreeRTOS_Tmplt/build/stm32f4xx_rcc.o
 .data._impure_ptr
                0x0000000020000018        0x4 /opt/gcc-arm/bin/../lib/gcc/arm-none-eabi/10.3.1/../../../../arm-none-eabi/lib/thumb/v7e-m+fp/hard/libc.a(lib_a-impure.o)
                0x0000000020000018                _impure_ptr
 *fill*         0x000000002000001c        0x4 
 .data.impure_data
                0x0000000020000020      0x428 /opt/gcc-arm/bin/../lib/gcc/arm-none-eabi/10.3.1/../../../../arm-none-eabi/lib/thumb/v7e-m+fp/hard/libc.a(lib_a-impure.o)
 .data.__malloc_av_
                0x0000000020000448      0x408 /opt/gcc-arm/bin/../lib/gcc/arm-none-eabi/10.3.1/../../../../arm-none-eabi/lib/thumb/v7e-m+fp/hard/libc.a(lib_a-mallocr.o)
                0x0000000020000448                __malloc_av_
 .data.__malloc_sbrk_base
                0x0000000020000850        0x4 /opt/gcc-arm/bin/../lib/gcc/arm-none-eabi/10.3.1/../../../../arm-none-eabi/lib/thumb/v7e-m+fp/hard/libc.a(lib_a-mallocr.o)
                0x0000000020000850                __malloc_sbrk_base
 .data.__malloc_trim_threshold
                0x0000000020000854        0x4 /opt/gcc-arm/bin/../lib/gcc/arm-none-eabi/10.3.1/../../../../arm-none-eabi/lib/thumb/v7e-m+fp/hard/libc.a(lib_a-mallocr.o)
                0x0000000020000854                __malloc_trim_threshold
 .data.__global_locale
                0x0000000020000858      0x16c /opt/gcc-arm/bin/../lib/gcc/arm-none-eabi/10.3.1/../../../../arm-none-eabi/lib/thumb/v7e-m+fp/hard/libc.a(lib_a-locale.o)
                0x0000000020000858                __global_locale
 *(.RamFunc)
 *(.RamFunc*)
                0x00000000200009c4                . = ALIGN (0x4)
                0x00000000200009c4                _edata = .

.igot.plt       0x00000000200009c4        0x0 load address 0x000000000800a6c4
 .igot.plt      0x00000000200009c4        0x0 /home/vlab/FreeRTOS_Work/STM32F4_Firmware/STM32F4-FreeRTOS_Tmplt/build/stm32f4xx_it.o
                0x00000000200009c4                . = ALIGN (0x4)

.bss            0x00000000200009c8    0x12dec load address 0x000000000800a6c4
                0x00000000200009c8                _sbss = .
                0x00000000200009c8                __bss_start__ = _sbss
 *(.bss)
 *(.bss*)
 .bss.heap_end.0
                0x00000000200009c8        0x4 /home/vlab/FreeRTOS_Work/STM32F4_Firmware/STM32F4-FreeRTOS_Tmplt/build/syscalls.o
 .bss.ucMaxSysCallPriority
                0x00000000200009cc        0x1 /home/vlab/FreeRTOS_Work/STM32F4_Firmware/STM32F4-FreeRTOS_Tmplt/build/port.o
 *fill*         0x00000000200009cd        0x3 
 .bss.ulMaxPRIGROUPValue
                0x00000000200009d0        0x4 /home/vlab/FreeRTOS_Work/STM32F4_Firmware/STM32F4-FreeRTOS_Tmplt/build/port.o
 *fill*         0x00000000200009d4        0x4 
 .bss.xQueueRegistry
                0x00000000200009d8       0x40 /home/vlab/FreeRTOS_Work/STM32F4_Firmware/STM32F4-FreeRTOS_Tmplt/build/queue.o
                0x00000000200009d8                xQueueRegistry
 .bss.pxCurrentTCB
                0x0000000020000a18        0x4 /home/vlab/FreeRTOS_Work/STM32F4_Firmware/STM32F4-FreeRTOS_Tmplt/build/tasks.o
                0x0000000020000a18                pxCurrentTCB
 .bss.pxDelayedTaskList
                0x0000000020000a1c        0x4 /home/vlab/FreeRTOS_Work/STM32F4_Firmware/STM32F4-FreeRTOS_Tmplt/build/tasks.o
 .bss.pxOverflowDelayedTaskList
                0x0000000020000a20        0x4 /home/vlab/FreeRTOS_Work/STM32F4_Firmware/STM32F4-FreeRTOS_Tmplt/build/tasks.o
 .bss.pxReadyTasksLists
                0x0000000020000a24       0x64 /home/vlab/FreeRTOS_Work/STM32F4_Firmware/STM32F4-FreeRTOS_Tmplt/build/tasks.o
 .bss.uxCurrentNumberOfTasks
                0x0000000020000a88        0x4 /home/vlab/FreeRTOS_Work/STM32F4_Firmware/STM32F4-FreeRTOS_Tmplt/build/tasks.o
 .bss.uxDeletedTasksWaitingCleanUp
                0x0000000020000a8c        0x4 /home/vlab/FreeRTOS_Work/STM32F4_Firmware/STM32F4-FreeRTOS_Tmplt/build/tasks.o
 .bss.uxPendedTicks
                0x0000000020000a90        0x4 /home/vlab/FreeRTOS_Work/STM32F4_Firmware/STM32F4-FreeRTOS_Tmplt/build/tasks.o
 .bss.uxSchedulerSuspended
                0x0000000020000a94        0x4 /home/vlab/FreeRTOS_Work/STM32F4_Firmware/STM32F4-FreeRTOS_Tmplt/build/tasks.o
 .bss.uxTaskNumber
                0x0000000020000a98        0x4 /home/vlab/FreeRTOS_Work/STM32F4_Firmware/STM32F4-FreeRTOS_Tmplt/build/tasks.o
 .bss.uxTopReadyPriority
                0x0000000020000a9c        0x4 /home/vlab/FreeRTOS_Work/STM32F4_Firmware/STM32F4-FreeRTOS_Tmplt/build/tasks.o
 .bss.xDelayedTaskList1
                0x0000000020000aa0       0x14 /home/vlab/FreeRTOS_Work/STM32F4_Firmware/STM32F4-FreeRTOS_Tmplt/build/tasks.o
 .bss.xDelayedTaskList2
                0x0000000020000ab4       0x14 /home/vlab/FreeRTOS_Work/STM32F4_Firmware/STM32F4-FreeRTOS_Tmplt/build/tasks.o
 .bss.xIdleTaskHandle
                0x0000000020000ac8        0x4 /home/vlab/FreeRTOS_Work/STM32F4_Firmware/STM32F4-FreeRTOS_Tmplt/build/tasks.o
 .bss.xNextTaskUnblockTime
                0x0000000020000acc        0x4 /home/vlab/FreeRTOS_Work/STM32F4_Firmware/STM32F4-FreeRTOS_Tmplt/build/tasks.o
 .bss.xNumOfOverflows
                0x0000000020000ad0        0x4 /home/vlab/FreeRTOS_Work/STM32F4_Firmware/STM32F4-FreeRTOS_Tmplt/build/tasks.o
 .bss.xPendingReadyList
                0x0000000020000ad4       0x14 /home/vlab/FreeRTOS_Work/STM32F4_Firmware/STM32F4-FreeRTOS_Tmplt/build/tasks.o
 .bss.xSchedulerRunning
                0x0000000020000ae8        0x4 /home/vlab/FreeRTOS_Work/STM32F4_Firmware/STM32F4-FreeRTOS_Tmplt/build/tasks.o
 .bss.xSuspendedTaskList
                0x0000000020000aec       0x14 /home/vlab/FreeRTOS_Work/STM32F4_Firmware/STM32F4-FreeRTOS_Tmplt/build/tasks.o
 .bss.xTasksWaitingTermination
                0x0000000020000b00       0x14 /home/vlab/FreeRTOS_Work/STM32F4_Firmware/STM32F4-FreeRTOS_Tmplt/build/tasks.o
 .bss.xTickCount
                0x0000000020000b14        0x4 /home/vlab/FreeRTOS_Work/STM32F4_Firmware/STM32F4-FreeRTOS_Tmplt/build/tasks.o
 .bss.xYieldPending
                0x0000000020000b18        0x4 /home/vlab/FreeRTOS_Work/STM32F4_Firmware/STM32F4-FreeRTOS_Tmplt/build/tasks.o
 .bss.pxCurrentTimerList
                0x0000000020000b1c        0x4 /home/vlab/FreeRTOS_Work/STM32F4_Firmware/STM32F4-FreeRTOS_Tmplt/build/timers.o
 .bss.pxOverflowTimerList
                0x0000000020000b20        0x4 /home/vlab/FreeRTOS_Work/STM32F4_Firmware/STM32F4-FreeRTOS_Tmplt/build/timers.o
 .bss.xActiveTimerList1
                0x0000000020000b24       0x14 /home/vlab/FreeRTOS_Work/STM32F4_Firmware/STM32F4-FreeRTOS_Tmplt/build/timers.o
 .bss.xActiveTimerList2
                0x0000000020000b38       0x14 /home/vlab/FreeRTOS_Work/STM32F4_Firmware/STM32F4-FreeRTOS_Tmplt/build/timers.o
 .bss.xLastTime.0
                0x0000000020000b4c        0x4 /home/vlab/FreeRTOS_Work/STM32F4_Firmware/STM32F4-FreeRTOS_Tmplt/build/timers.o
 .bss.xTimerQueue
                0x0000000020000b50        0x4 /home/vlab/FreeRTOS_Work/STM32F4_Firmware/STM32F4-FreeRTOS_Tmplt/build/timers.o
 .bss.xTimerTaskHandle
                0x0000000020000b54        0x4 /home/vlab/FreeRTOS_Work/STM32F4_Firmware/STM32F4-FreeRTOS_Tmplt/build/timers.o
 .bss.pxEnd     0x0000000020000b58        0x4 /home/vlab/FreeRTOS_Work/STM32F4_Firmware/STM32F4-FreeRTOS_Tmplt/build/heap_4.o
 .bss.ucHeap    0x0000000020000b5c    0x12c00 /home/vlab/FreeRTOS_Work/STM32F4_Firmware/STM32F4-FreeRTOS_Tmplt/build/heap_4.o
 .bss.xBlockAllocatedBit
                0x000000002001375c        0x4 /home/vlab/FreeRTOS_Work/STM32F4_Firmware/STM32F4-FreeRTOS_Tmplt/build/heap_4.o
 .bss.xFreeBytesRemaining
                0x0000000020013760        0x4 /home/vlab/FreeRTOS_Work/STM32F4_Firmware/STM32F4-FreeRTOS_Tmplt/build/heap_4.o
 .bss.xMinimumEverFreeBytesRemaining
                0x0000000020013764        0x4 /home/vlab/FreeRTOS_Work/STM32F4_Firmware/STM32F4-FreeRTOS_Tmplt/build/heap_4.o
 .bss.xStart    0x0000000020013768        0x8 /home/vlab/FreeRTOS_Work/STM32F4_Firmware/STM32F4-FreeRTOS_Tmplt/build/heap_4.o
 .bss.__lock___malloc_recursive_mutex
                0x0000000020013770        0x1 /opt/gcc-arm/bin/../lib/gcc/arm-none-eabi/10.3.1/../../../../arm-none-eabi/lib/thumb/v7e-m+fp/hard/libc.a(lib_a-lock.o)
                0x0000000020013770                __lock___malloc_recursive_mutex
 *fill*         0x0000000020013771        0x3 
 .bss.__lock___sfp_recursive_mutex
                0x0000000020013774        0x1 /opt/gcc-arm/bin/../lib/gcc/arm-none-eabi/10.3.1/../../../../arm-none-eabi/lib/thumb/v7e-m+fp/hard/libc.a(lib_a-lock.o)
                0x0000000020013774                __lock___sfp_recursive_mutex
 *fill*         0x0000000020013775        0x3 
 .bss.__lock___sinit_recursive_mutex
                0x0000000020013778        0x1 /opt/gcc-arm/bin/../lib/gcc/arm-none-eabi/10.3.1/../../../../arm-none-eabi/lib/thumb/v7e-m+fp/hard/libc.a(lib_a-lock.o)
                0x0000000020013778                __lock___sinit_recursive_mutex
 *fill*         0x0000000020013779        0x3 
 .bss.__malloc_current_mallinfo
                0x000000002001377c       0x28 /opt/gcc-arm/bin/../lib/gcc/arm-none-eabi/10.3.1/../../../../arm-none-eabi/lib/thumb/v7e-m+fp/hard/libc.a(lib_a-mallocr.o)
                0x000000002001377c                __malloc_current_mallinfo
 .bss.__malloc_max_sbrked_mem
                0x00000000200137a4        0x4 /opt/gcc-arm/bin/../lib/gcc/arm-none-eabi/10.3.1/../../../../arm-none-eabi/lib/thumb/v7e-m+fp/hard/libc.a(lib_a-mallocr.o)
                0x00000000200137a4                __malloc_max_sbrked_mem
 .bss.__malloc_max_total_mem
                0x00000000200137a8        0x4 /opt/gcc-arm/bin/../lib/gcc/arm-none-eabi/10.3.1/../../../../arm-none-eabi/lib/thumb/v7e-m+fp/hard/libc.a(lib_a-mallocr.o)
                0x00000000200137a8                __malloc_max_total_mem
 .bss.__malloc_top_pad
                0x00000000200137ac        0x4 /opt/gcc-arm/bin/../lib/gcc/arm-none-eabi/10.3.1/../../../../arm-none-eabi/lib/thumb/v7e-m+fp/hard/libc.a(lib_a-mallocr.o)
                0x00000000200137ac                __malloc_top_pad
 .bss.errno     0x00000000200137b0        0x4 /opt/gcc-arm/bin/../lib/gcc/arm-none-eabi/10.3.1/../../../../arm-none-eabi/lib/thumb/v7e-m+fp/hard/libc.a(lib_a-reent.o)
                0x00000000200137b0                errno
 *(COMMON)
                0x00000000200137b4                . = ALIGN (0x4)
                0x00000000200137b4                _ebss = .
                0x00000000200137b4                __bss_end__ = _ebss

._user_heap_stack
                0x00000000200137b4      0x604 load address 0x000000000800a6c4
                0x00000000200137b8                . = ALIGN (0x8)
 *fill*         0x00000000200137b4        0x4 
                0x00000000200137b8                PROVIDE (end = .)
                [!provide]                        PROVIDE (_end = .)
                0x00000000200139b8                . = (. + _Min_Heap_Size)
 *fill*         0x00000000200137b8      0x200 
                0x0000000020013db8                . = (. + _Min_Stack_Size)
 *fill*         0x00000000200139b8      0x400 
                0x0000000020013db8                . = ALIGN (0x8)

/DISCARD/
 libc.a(*)
 libm.a(*)
 libgcc.a(*)

.ARM.attributes
                0x0000000000000000       0x30
 *(.ARM.attributes)
 .ARM.attributes
                0x0000000000000000       0x1e /opt/gcc-arm/bin/../lib/gcc/arm-none-eabi/10.3.1/thumb/v7e-m+fp/hard/crti.o
 .ARM.attributes
                0x000000000000001e       0x34 /home/vlab/FreeRTOS_Work/STM32F4_Firmware/STM32F4-FreeRTOS_Tmplt/build/stm32f4xx_it.o
 .ARM.attributes
                0x0000000000000052       0x34 /home/vlab/FreeRTOS_Work/STM32F4_Firmware/STM32F4-FreeRTOS_Tmplt/build/system_stm32f4xx.o
 .ARM.attributes
                0x0000000000000086       0x34 /home/vlab/FreeRTOS_Work/STM32F4_Firmware/STM32F4-FreeRTOS_Tmplt/build/syscalls.o
 .ARM.attributes
                0x00000000000000ba       0x34 /home/vlab/FreeRTOS_Work/STM32F4_Firmware/STM32F4-FreeRTOS_Tmplt/build/main.o
 .ARM.attributes
                0x00000000000000ee       0x34 /home/vlab/FreeRTOS_Work/STM32F4_Firmware/STM32F4-FreeRTOS_Tmplt/build/port.o
 .ARM.attributes
                0x0000000000000122       0x34 /home/vlab/FreeRTOS_Work/STM32F4_Firmware/STM32F4-FreeRTOS_Tmplt/build/list.o
 .ARM.attributes
                0x0000000000000156       0x34 /home/vlab/FreeRTOS_Work/STM32F4_Firmware/STM32F4-FreeRTOS_Tmplt/build/queue.o
 .ARM.attributes
                0x000000000000018a       0x34 /home/vlab/FreeRTOS_Work/STM32F4_Firmware/STM32F4-FreeRTOS_Tmplt/build/tasks.o
 .ARM.attributes
                0x00000000000001be       0x34 /home/vlab/FreeRTOS_Work/STM32F4_Firmware/STM32F4-FreeRTOS_Tmplt/build/timers.o
 .ARM.attributes
                0x00000000000001f2       0x34 /home/vlab/FreeRTOS_Work/STM32F4_Firmware/STM32F4-FreeRTOS_Tmplt/build/heap_4.o
 .ARM.attributes
                0x0000000000000226       0x34 /home/vlab/FreeRTOS_Work/STM32F4_Firmware/STM32F4-FreeRTOS_Tmplt/build/stm32f4xx_rcc.o
 .ARM.attributes
                0x000000000000025a       0x34 /home/vlab/FreeRTOS_Work/STM32F4_Firmware/STM32F4-FreeRTOS_Tmplt/build/stm32f4xx_gpio.o
 .ARM.attributes
                0x000000000000028e       0x34 /home/vlab/FreeRTOS_Work/STM32F4_Firmware/STM32F4-FreeRTOS_Tmplt/build/stm32f4xx_usart.o
 .ARM.attributes
                0x00000000000002c2       0x21 /home/vlab/FreeRTOS_Work/STM32F4_Firmware/STM32F4-FreeRTOS_Tmplt/build/startup_stm32f4xx.o
 .ARM.attributes
                0x00000000000002e3       0x34 /opt/gcc-arm/bin/../lib/gcc/arm-none-eabi/10.3.1/../../../../arm-none-eabi/lib/thumb/v7e-m+fp/hard/libc.a(lib_a-errno.o)
 .ARM.attributes
                0x0000000000000317       0x34 /opt/gcc-arm/bin/../lib/gcc/arm-none-eabi/10.3.1/../../../../arm-none-eabi/lib/thumb/v7e-m+fp/hard/libc.a(lib_a-impure.o)
 .ARM.attributes
                0x000000000000034b       0x34 /opt/gcc-arm/bin/../lib/gcc/arm-none-eabi/10.3.1/../../../../arm-none-eabi/lib/thumb/v7e-m+fp/hard/libc.a(lib_a-init.o)
 .ARM.attributes
                0x000000000000037f       0x1c /opt/gcc-arm/bin/../lib/gcc/arm-none-eabi/10.3.1/../../../../arm-none-eabi/lib/thumb/v7e-m+fp/hard/libc.a(lib_a-memcpy.o)
 .ARM.attributes
                0x000000000000039b       0x34 /opt/gcc-arm/bin/../lib/gcc/arm-none-eabi/10.3.1/../../../../arm-none-eabi/lib/thumb/v7e-m+fp/hard/libc.a(lib_a-memset.o)
 .ARM.attributes
                0x00000000000003cf       0x34 /opt/gcc-arm/bin/../lib/gcc/arm-none-eabi/10.3.1/../../../../arm-none-eabi/lib/thumb/v7e-m+fp/hard/libc.a(lib_a-sprintf.o)
 .ARM.attributes
                0x0000000000000403       0x34 /opt/gcc-arm/bin/../lib/gcc/arm-none-eabi/10.3.1/../../../../arm-none-eabi/lib/thumb/v7e-m+fp/hard/libc.a(lib_a-svfprintf.o)
 .ARM.attributes
                0x0000000000000437       0x34 /opt/gcc-arm/bin/../lib/gcc/arm-none-eabi/10.3.1/../../../../arm-none-eabi/lib/thumb/v7e-m+fp/hard/libc.a(lib_a-dtoa.o)
 .ARM.attributes
                0x000000000000046b       0x34 /opt/gcc-arm/bin/../lib/gcc/arm-none-eabi/10.3.1/../../../../arm-none-eabi/lib/thumb/v7e-m+fp/hard/libc.a(lib_a-freer.o)
 .ARM.attributes
                0x000000000000049f       0x34 /opt/gcc-arm/bin/../lib/gcc/arm-none-eabi/10.3.1/../../../../arm-none-eabi/lib/thumb/v7e-m+fp/hard/libc.a(lib_a-localeconv.o)
 .ARM.attributes
                0x00000000000004d3       0x34 /opt/gcc-arm/bin/../lib/gcc/arm-none-eabi/10.3.1/../../../../arm-none-eabi/lib/thumb/v7e-m+fp/hard/libc.a(lib_a-lock.o)
 .ARM.attributes
                0x0000000000000507       0x34 /opt/gcc-arm/bin/../lib/gcc/arm-none-eabi/10.3.1/../../../../arm-none-eabi/lib/thumb/v7e-m+fp/hard/libc.a(lib_a-mallocr.o)
 .ARM.attributes
                0x000000000000053b       0x1c /opt/gcc-arm/bin/../lib/gcc/arm-none-eabi/10.3.1/../../../../arm-none-eabi/lib/thumb/v7e-m+fp/hard/libc.a(lib_a-memchr.o)
 .ARM.attributes
                0x0000000000000557       0x34 /opt/gcc-arm/bin/../lib/gcc/arm-none-eabi/10.3.1/../../../../arm-none-eabi/lib/thumb/v7e-m+fp/hard/libc.a(lib_a-mlock.o)
 .ARM.attributes
                0x000000000000058b       0x34 /opt/gcc-arm/bin/../lib/gcc/arm-none-eabi/10.3.1/../../../../arm-none-eabi/lib/thumb/v7e-m+fp/hard/libc.a(lib_a-mprec.o)
 .ARM.attributes
                0x00000000000005bf       0x34 /opt/gcc-arm/bin/../lib/gcc/arm-none-eabi/10.3.1/../../../../arm-none-eabi/lib/thumb/v7e-m+fp/hard/libc.a(lib_a-s_frexp.o)
 .ARM.attributes
                0x00000000000005f3       0x34 /opt/gcc-arm/bin/../lib/gcc/arm-none-eabi/10.3.1/../../../../arm-none-eabi/lib/thumb/v7e-m+fp/hard/libc.a(lib_a-sbrkr.o)
 .ARM.attributes
                0x0000000000000627       0x1c /opt/gcc-arm/bin/../lib/gcc/arm-none-eabi/10.3.1/../../../../arm-none-eabi/lib/thumb/v7e-m+fp/hard/libc.a(lib_a-strlen.o)
 .ARM.attributes
                0x0000000000000643       0x34 /opt/gcc-arm/bin/../lib/gcc/arm-none-eabi/10.3.1/../../../../arm-none-eabi/lib/thumb/v7e-m+fp/hard/libc.a(lib_a-strncpy.o)
 .ARM.attributes
                0x0000000000000677       0x34 /opt/gcc-arm/bin/../lib/gcc/arm-none-eabi/10.3.1/../../../../arm-none-eabi/lib/thumb/v7e-m+fp/hard/libc.a(lib_a-svfiprintf.o)
 .ARM.attributes
                0x00000000000006ab       0x34 /opt/gcc-arm/bin/../lib/gcc/arm-none-eabi/10.3.1/../../../../arm-none-eabi/lib/thumb/v7e-m+fp/hard/libc.a(lib_a-assert.o)
 .ARM.attributes
                0x00000000000006df       0x34 /opt/gcc-arm/bin/../lib/gcc/arm-none-eabi/10.3.1/../../../../arm-none-eabi/lib/thumb/v7e-m+fp/hard/libc.a(lib_a-callocr.o)
 .ARM.attributes
                0x0000000000000713       0x34 /opt/gcc-arm/bin/../lib/gcc/arm-none-eabi/10.3.1/../../../../arm-none-eabi/lib/thumb/v7e-m+fp/hard/libc.a(lib_a-fiprintf.o)
 .ARM.attributes
                0x0000000000000747       0x34 /opt/gcc-arm/bin/../lib/gcc/arm-none-eabi/10.3.1/../../../../arm-none-eabi/lib/thumb/v7e-m+fp/hard/libc.a(lib_a-locale.o)
 .ARM.attributes
                0x000000000000077b       0x34 /opt/gcc-arm/bin/../lib/gcc/arm-none-eabi/10.3.1/../../../../arm-none-eabi/lib/thumb/v7e-m+fp/hard/libc.a(lib_a-mbtowc_r.o)
 .ARM.attributes
                0x00000000000007af       0x34 /opt/gcc-arm/bin/../lib/gcc/arm-none-eabi/10.3.1/../../../../arm-none-eabi/lib/thumb/v7e-m+fp/hard/libc.a(lib_a-memmove.o)
 .ARM.attributes
                0x00000000000007e3       0x34 /opt/gcc-arm/bin/../lib/gcc/arm-none-eabi/10.3.1/../../../../arm-none-eabi/lib/thumb/v7e-m+fp/hard/libc.a(lib_a-reallocr.o)
 .ARM.attributes
                0x0000000000000817       0x34 /opt/gcc-arm/bin/../lib/gcc/arm-none-eabi/10.3.1/../../../../arm-none-eabi/lib/thumb/v7e-m+fp/hard/libc.a(lib_a-reent.o)
 .ARM.attributes
                0x000000000000084b       0x34 /opt/gcc-arm/bin/../lib/gcc/arm-none-eabi/10.3.1/../../../../arm-none-eabi/lib/thumb/v7e-m+fp/hard/libc.a(lib_a-vfiprintf.o)
 .ARM.attributes
                0x000000000000087f       0x34 /opt/gcc-arm/bin/../lib/gcc/arm-none-eabi/10.3.1/../../../../arm-none-eabi/lib/thumb/v7e-m+fp/hard/libc.a(lib_a-wctomb_r.o)
 .ARM.attributes
                0x00000000000008b3       0x34 /opt/gcc-arm/bin/../lib/gcc/arm-none-eabi/10.3.1/../../../../arm-none-eabi/lib/thumb/v7e-m+fp/hard/libc.a(lib_a-wsetup.o)
 .ARM.attributes
                0x00000000000008e7       0x34 /opt/gcc-arm/bin/../lib/gcc/arm-none-eabi/10.3.1/../../../../arm-none-eabi/lib/thumb/v7e-m+fp/hard/libc.a(lib_a-abort.o)
 .ARM.attributes
                0x000000000000091b       0x34 /opt/gcc-arm/bin/../lib/gcc/arm-none-eabi/10.3.1/../../../../arm-none-eabi/lib/thumb/v7e-m+fp/hard/libc.a(lib_a-ctype_.o)
 .ARM.attributes
                0x000000000000094f       0x34 /opt/gcc-arm/bin/../lib/gcc/arm-none-eabi/10.3.1/../../../../arm-none-eabi/lib/thumb/v7e-m+fp/hard/libc.a(lib_a-fflush.o)
 .ARM.attributes
                0x0000000000000983       0x34 /opt/gcc-arm/bin/../lib/gcc/arm-none-eabi/10.3.1/../../../../arm-none-eabi/lib/thumb/v7e-m+fp/hard/libc.a(lib_a-findfp.o)
 .ARM.attributes
                0x00000000000009b7       0x34 /opt/gcc-arm/bin/../lib/gcc/arm-none-eabi/10.3.1/../../../../arm-none-eabi/lib/thumb/v7e-m+fp/hard/libc.a(lib_a-fputwc.o)
 .ARM.attributes
                0x00000000000009eb       0x34 /opt/gcc-arm/bin/../lib/gcc/arm-none-eabi/10.3.1/../../../../arm-none-eabi/lib/thumb/v7e-m+fp/hard/libc.a(lib_a-fvwrite.o)
 .ARM.attributes
                0x0000000000000a1f       0x34 /opt/gcc-arm/bin/../lib/gcc/arm-none-eabi/10.3.1/../../../../arm-none-eabi/lib/thumb/v7e-m+fp/hard/libc.a(lib_a-fwalk.o)
 .ARM.attributes
                0x0000000000000a53       0x34 /opt/gcc-arm/bin/../lib/gcc/arm-none-eabi/10.3.1/../../../../arm-none-eabi/lib/thumb/v7e-m+fp/hard/libc.a(lib_a-makebuf.o)
 .ARM.attributes
                0x0000000000000a87       0x34 /opt/gcc-arm/bin/../lib/gcc/arm-none-eabi/10.3.1/../../../../arm-none-eabi/lib/thumb/v7e-m+fp/hard/libc.a(lib_a-signal.o)
 .ARM.attributes
                0x0000000000000abb       0x34 /opt/gcc-arm/bin/../lib/gcc/arm-none-eabi/10.3.1/../../../../arm-none-eabi/lib/thumb/v7e-m+fp/hard/libc.a(lib_a-signalr.o)
 .ARM.attributes
                0x0000000000000aef       0x34 /opt/gcc-arm/bin/../lib/gcc/arm-none-eabi/10.3.1/../../../../arm-none-eabi/lib/thumb/v7e-m+fp/hard/libc.a(lib_a-stdio.o)
 .ARM.attributes
                0x0000000000000b23       0x34 /opt/gcc-arm/bin/../lib/gcc/arm-none-eabi/10.3.1/../../../../arm-none-eabi/lib/thumb/v7e-m+fp/hard/libc.a(lib_a-wbuf.o)
 .ARM.attributes
                0x0000000000000b57       0x34 /opt/gcc-arm/bin/../lib/gcc/arm-none-eabi/10.3.1/../../../../arm-none-eabi/lib/thumb/v7e-m+fp/hard/libc.a(lib_a-wcrtomb.o)
 .ARM.attributes
                0x0000000000000b8b       0x34 /opt/gcc-arm/bin/../lib/gcc/arm-none-eabi/10.3.1/../../../../arm-none-eabi/lib/thumb/v7e-m+fp/hard/libc.a(lib_a-writer.o)
 .ARM.attributes
                0x0000000000000bbf       0x34 /opt/gcc-arm/bin/../lib/gcc/arm-none-eabi/10.3.1/../../../../arm-none-eabi/lib/thumb/v7e-m+fp/hard/libc.a(lib_a-closer.o)
 .ARM.attributes
                0x0000000000000bf3       0x34 /opt/gcc-arm/bin/../lib/gcc/arm-none-eabi/10.3.1/../../../../arm-none-eabi/lib/thumb/v7e-m+fp/hard/libc.a(lib_a-fclose.o)
 .ARM.attributes
                0x0000000000000c27       0x34 /opt/gcc-arm/bin/../lib/gcc/arm-none-eabi/10.3.1/../../../../arm-none-eabi/lib/thumb/v7e-m+fp/hard/libc.a(lib_a-fstatr.o)
 .ARM.attributes
                0x0000000000000c5b       0x34 /opt/gcc-arm/bin/../lib/gcc/arm-none-eabi/10.3.1/../../../../arm-none-eabi/lib/thumb/v7e-m+fp/hard/libc.a(lib_a-isattyr.o)
 .ARM.attributes
                0x0000000000000c8f       0x34 /opt/gcc-arm/bin/../lib/gcc/arm-none-eabi/10.3.1/../../../../arm-none-eabi/lib/thumb/v7e-m+fp/hard/libc.a(lib_a-lseekr.o)
 .ARM.attributes
                0x0000000000000cc3       0x34 /opt/gcc-arm/bin/../lib/gcc/arm-none-eabi/10.3.1/../../../../arm-none-eabi/lib/thumb/v7e-m+fp/hard/libc.a(lib_a-readr.o)
 .ARM.attributes
                0x0000000000000cf7       0x1e /opt/gcc-arm/bin/../lib/gcc/arm-none-eabi/10.3.1/thumb/v7e-m+fp/hard/libgcc.a(_arm_addsubdf3.o)
 .ARM.attributes
                0x0000000000000d15       0x1e /opt/gcc-arm/bin/../lib/gcc/arm-none-eabi/10.3.1/thumb/v7e-m+fp/hard/libgcc.a(_arm_muldivdf3.o)
 .ARM.attributes
                0x0000000000000d33       0x1e /opt/gcc-arm/bin/../lib/gcc/arm-none-eabi/10.3.1/thumb/v7e-m+fp/hard/libgcc.a(_arm_cmpdf2.o)
 .ARM.attributes
                0x0000000000000d51       0x1e /opt/gcc-arm/bin/../lib/gcc/arm-none-eabi/10.3.1/thumb/v7e-m+fp/hard/libgcc.a(_arm_unorddf2.o)
 .ARM.attributes
                0x0000000000000d6f       0x1e /opt/gcc-arm/bin/../lib/gcc/arm-none-eabi/10.3.1/thumb/v7e-m+fp/hard/libgcc.a(_arm_fixdfsi.o)
 .ARM.attributes
                0x0000000000000d8d       0x1e /opt/gcc-arm/bin/../lib/gcc/arm-none-eabi/10.3.1/thumb/v7e-m+fp/hard/libgcc.a(_aeabi_uldivmod.o)
 .ARM.attributes
                0x0000000000000dab       0x34 /opt/gcc-arm/bin/../lib/gcc/arm-none-eabi/10.3.1/thumb/v7e-m+fp/hard/libgcc.a(_udivmoddi4.o)
 .ARM.attributes
                0x0000000000000ddf       0x1e /opt/gcc-arm/bin/../lib/gcc/arm-none-eabi/10.3.1/thumb/v7e-m+fp/hard/libgcc.a(_dvmd_tls.o)
 .ARM.attributes
                0x0000000000000dfd       0x1e /opt/gcc-arm/bin/../lib/gcc/arm-none-eabi/10.3.1/thumb/v7e-m+fp/hard/crtn.o
OUTPUT(/home/vlab/FreeRTOS_Work/STM32F4_Firmware/STM32F4-FreeRTOS_Tmplt/binary/FreeRTOS.elf elf32-littlearm)
LOAD linker stubs
LOAD /opt/gcc-arm/bin/../lib/gcc/arm-none-eabi/10.3.1/../../../../arm-none-eabi/lib/thumb/v7e-m+fp/hard/libc.a
LOAD /opt/gcc-arm/bin/../lib/gcc/arm-none-eabi/10.3.1/../../../../arm-none-eabi/lib/thumb/v7e-m+fp/hard/libm.a
LOAD /opt/gcc-arm/bin/../lib/gcc/arm-none-eabi/10.3.1/thumb/v7e-m+fp/hard/libgcc.a

.debug_info     0x0000000000000000     0xc454
 .debug_info    0x0000000000000000      0x18e /home/vlab/FreeRTOS_Work/STM32F4_Firmware/STM32F4-FreeRTOS_Tmplt/build/stm32f4xx_it.o
 .debug_info    0x000000000000018e      0x559 /home/vlab/FreeRTOS_Work/STM32F4_Firmware/STM32F4-FreeRTOS_Tmplt/build/system_stm32f4xx.o
 .debug_info    0x00000000000006e7      0x5b4 /home/vlab/FreeRTOS_Work/STM32F4_Firmware/STM32F4-FreeRTOS_Tmplt/build/syscalls.o
 .debug_info    0x0000000000000c9b     0x11a4 /home/vlab/FreeRTOS_Work/STM32F4_Firmware/STM32F4-FreeRTOS_Tmplt/build/main.o
 .debug_info    0x0000000000001e3f      0x53f /home/vlab/FreeRTOS_Work/STM32F4_Firmware/STM32F4-FreeRTOS_Tmplt/build/port.o
 .debug_info    0x000000000000237e      0x2ce /home/vlab/FreeRTOS_Work/STM32F4_Firmware/STM32F4-FreeRTOS_Tmplt/build/list.o
 .debug_info    0x000000000000264c     0x2606 /home/vlab/FreeRTOS_Work/STM32F4_Firmware/STM32F4-FreeRTOS_Tmplt/build/queue.o
 .debug_info    0x0000000000004c52     0x3791 /home/vlab/FreeRTOS_Work/STM32F4_Firmware/STM32F4-FreeRTOS_Tmplt/build/tasks.o
 .debug_info    0x00000000000083e3     0x159f /home/vlab/FreeRTOS_Work/STM32F4_Firmware/STM32F4-FreeRTOS_Tmplt/build/timers.o
 .debug_info    0x0000000000009982      0x4c7 /home/vlab/FreeRTOS_Work/STM32F4_Firmware/STM32F4-FreeRTOS_Tmplt/build/heap_4.o
 .debug_info    0x0000000000009e49     0x10b8 /home/vlab/FreeRTOS_Work/STM32F4_Firmware/STM32F4-FreeRTOS_Tmplt/build/stm32f4xx_rcc.o
 .debug_info    0x000000000000af01      0x8b7 /home/vlab/FreeRTOS_Work/STM32F4_Firmware/STM32F4-FreeRTOS_Tmplt/build/stm32f4xx_gpio.o
 .debug_info    0x000000000000b7b8      0xc9c /home/vlab/FreeRTOS_Work/STM32F4_Firmware/STM32F4-FreeRTOS_Tmplt/build/stm32f4xx_usart.o

.debug_abbrev   0x0000000000000000     0x1e1d
 .debug_abbrev  0x0000000000000000       0xd5 /home/vlab/FreeRTOS_Work/STM32F4_Firmware/STM32F4-FreeRTOS_Tmplt/build/stm32f4xx_it.o
 .debug_abbrev  0x00000000000000d5      0x12c /home/vlab/FreeRTOS_Work/STM32F4_Firmware/STM32F4-FreeRTOS_Tmplt/build/system_stm32f4xx.o
 .debug_abbrev  0x0000000000000201      0x1b1 /home/vlab/FreeRTOS_Work/STM32F4_Firmware/STM32F4-FreeRTOS_Tmplt/build/syscalls.o
 .debug_abbrev  0x00000000000003b2      0x345 /home/vlab/FreeRTOS_Work/STM32F4_Firmware/STM32F4-FreeRTOS_Tmplt/build/main.o
 .debug_abbrev  0x00000000000006f7      0x292 /home/vlab/FreeRTOS_Work/STM32F4_Firmware/STM32F4-FreeRTOS_Tmplt/build/port.o
 .debug_abbrev  0x0000000000000989       0xff /home/vlab/FreeRTOS_Work/STM32F4_Firmware/STM32F4-FreeRTOS_Tmplt/build/list.o
 .debug_abbrev  0x0000000000000a88      0x361 /home/vlab/FreeRTOS_Work/STM32F4_Firmware/STM32F4-FreeRTOS_Tmplt/build/queue.o
 .debug_abbrev  0x0000000000000de9      0x462 /home/vlab/FreeRTOS_Work/STM32F4_Firmware/STM32F4-FreeRTOS_Tmplt/build/tasks.o
 .debug_abbrev  0x000000000000124b      0x2a9 /home/vlab/FreeRTOS_Work/STM32F4_Firmware/STM32F4-FreeRTOS_Tmplt/build/timers.o
 .debug_abbrev  0x00000000000014f4      0x29e /home/vlab/FreeRTOS_Work/STM32F4_Firmware/STM32F4-FreeRTOS_Tmplt/build/heap_4.o
 .debug_abbrev  0x0000000000001792      0x27f /home/vlab/FreeRTOS_Work/STM32F4_Firmware/STM32F4-FreeRTOS_Tmplt/build/stm32f4xx_rcc.o
 .debug_abbrev  0x0000000000001a11      0x221 /home/vlab/FreeRTOS_Work/STM32F4_Firmware/STM32F4-FreeRTOS_Tmplt/build/stm32f4xx_gpio.o
 .debug_abbrev  0x0000000000001c32      0x1eb /home/vlab/FreeRTOS_Work/STM32F4_Firmware/STM32F4-FreeRTOS_Tmplt/build/stm32f4xx_usart.o

.debug_aranges  0x0000000000000000      0x888
 .debug_aranges
                0x0000000000000000       0x48 /home/vlab/FreeRTOS_Work/STM32F4_Firmware/STM32F4-FreeRTOS_Tmplt/build/stm32f4xx_it.o
 .debug_aranges
                0x0000000000000048       0x28 /home/vlab/FreeRTOS_Work/STM32F4_Firmware/STM32F4-FreeRTOS_Tmplt/build/system_stm32f4xx.o
 .debug_aranges
                0x0000000000000070       0x70 /home/vlab/FreeRTOS_Work/STM32F4_Firmware/STM32F4-FreeRTOS_Tmplt/build/syscalls.o
 .debug_aranges
                0x00000000000000e0       0x70 /home/vlab/FreeRTOS_Work/STM32F4_Firmware/STM32F4-FreeRTOS_Tmplt/build/main.o
 .debug_aranges
                0x0000000000000150       0x80 /home/vlab/FreeRTOS_Work/STM32F4_Firmware/STM32F4-FreeRTOS_Tmplt/build/port.o
 .debug_aranges
                0x00000000000001d0       0x40 /home/vlab/FreeRTOS_Work/STM32F4_Firmware/STM32F4-FreeRTOS_Tmplt/build/list.o
 .debug_aranges
                0x0000000000000210       0xe0 /home/vlab/FreeRTOS_Work/STM32F4_Firmware/STM32F4-FreeRTOS_Tmplt/build/queue.o
 .debug_aranges
                0x00000000000002f0      0x198 /home/vlab/FreeRTOS_Work/STM32F4_Firmware/STM32F4-FreeRTOS_Tmplt/build/tasks.o
 .debug_aranges
                0x0000000000000488       0x78 /home/vlab/FreeRTOS_Work/STM32F4_Firmware/STM32F4-FreeRTOS_Tmplt/build/timers.o
 .debug_aranges
                0x0000000000000500       0x40 /home/vlab/FreeRTOS_Work/STM32F4_Firmware/STM32F4-FreeRTOS_Tmplt/build/heap_4.o
 .debug_aranges
                0x0000000000000540      0x1c0 /home/vlab/FreeRTOS_Work/STM32F4_Firmware/STM32F4-FreeRTOS_Tmplt/build/stm32f4xx_rcc.o
 .debug_aranges
                0x0000000000000700       0x88 /home/vlab/FreeRTOS_Work/STM32F4_Firmware/STM32F4-FreeRTOS_Tmplt/build/stm32f4xx_gpio.o
 .debug_aranges
                0x0000000000000788      0x100 /home/vlab/FreeRTOS_Work/STM32F4_Firmware/STM32F4-FreeRTOS_Tmplt/build/stm32f4xx_usart.o

.debug_ranges   0x0000000000000000     0x1500
 .debug_ranges  0x0000000000000000       0x38 /home/vlab/FreeRTOS_Work/STM32F4_Firmware/STM32F4-FreeRTOS_Tmplt/build/stm32f4xx_it.o
 .debug_ranges  0x0000000000000038       0x18 /home/vlab/FreeRTOS_Work/STM32F4_Firmware/STM32F4-FreeRTOS_Tmplt/build/system_stm32f4xx.o
 .debug_ranges  0x0000000000000050       0x60 /home/vlab/FreeRTOS_Work/STM32F4_Firmware/STM32F4-FreeRTOS_Tmplt/build/syscalls.o
 .debug_ranges  0x00000000000000b0      0x110 /home/vlab/FreeRTOS_Work/STM32F4_Firmware/STM32F4-FreeRTOS_Tmplt/build/main.o
 .debug_ranges  0x00000000000001c0       0xa0 /home/vlab/FreeRTOS_Work/STM32F4_Firmware/STM32F4-FreeRTOS_Tmplt/build/port.o
 .debug_ranges  0x0000000000000260       0x30 /home/vlab/FreeRTOS_Work/STM32F4_Firmware/STM32F4-FreeRTOS_Tmplt/build/list.o
 .debug_ranges  0x0000000000000290      0x428 /home/vlab/FreeRTOS_Work/STM32F4_Firmware/STM32F4-FreeRTOS_Tmplt/build/queue.o
 .debug_ranges  0x00000000000006b8      0x850 /home/vlab/FreeRTOS_Work/STM32F4_Firmware/STM32F4-FreeRTOS_Tmplt/build/tasks.o
 .debug_ranges  0x0000000000000f08      0x250 /home/vlab/FreeRTOS_Work/STM32F4_Firmware/STM32F4-FreeRTOS_Tmplt/build/timers.o
 .debug_ranges  0x0000000000001158       0x70 /home/vlab/FreeRTOS_Work/STM32F4_Firmware/STM32F4-FreeRTOS_Tmplt/build/heap_4.o
 .debug_ranges  0x00000000000011c8      0x1d0 /home/vlab/FreeRTOS_Work/STM32F4_Firmware/STM32F4-FreeRTOS_Tmplt/build/stm32f4xx_rcc.o
 .debug_ranges  0x0000000000001398       0x78 /home/vlab/FreeRTOS_Work/STM32F4_Firmware/STM32F4-FreeRTOS_Tmplt/build/stm32f4xx_gpio.o
 .debug_ranges  0x0000000000001410       0xf0 /home/vlab/FreeRTOS_Work/STM32F4_Firmware/STM32F4-FreeRTOS_Tmplt/build/stm32f4xx_usart.o

.debug_line     0x0000000000000000     0x9392
 .debug_line    0x0000000000000000      0x1fa /home/vlab/FreeRTOS_Work/STM32F4_Firmware/STM32F4-FreeRTOS_Tmplt/build/stm32f4xx_it.o
 .debug_line    0x00000000000001fa      0x2f0 /home/vlab/FreeRTOS_Work/STM32F4_Firmware/STM32F4-FreeRTOS_Tmplt/build/system_stm32f4xx.o
 .debug_line    0x00000000000004ea      0x2ee /home/vlab/FreeRTOS_Work/STM32F4_Firmware/STM32F4-FreeRTOS_Tmplt/build/syscalls.o
 .debug_line    0x00000000000007d8      0x713 /home/vlab/FreeRTOS_Work/STM32F4_Firmware/STM32F4-FreeRTOS_Tmplt/build/main.o
 .debug_line    0x0000000000000eeb      0x613 /home/vlab/FreeRTOS_Work/STM32F4_Firmware/STM32F4-FreeRTOS_Tmplt/build/port.o
 .debug_line    0x00000000000014fe      0x384 /home/vlab/FreeRTOS_Work/STM32F4_Firmware/STM32F4-FreeRTOS_Tmplt/build/list.o
 .debug_line    0x0000000000001882     0x1e44 /home/vlab/FreeRTOS_Work/STM32F4_Firmware/STM32F4-FreeRTOS_Tmplt/build/queue.o
 .debug_line    0x00000000000036c6     0x2ca7 /home/vlab/FreeRTOS_Work/STM32F4_Firmware/STM32F4-FreeRTOS_Tmplt/build/tasks.o
 .debug_line    0x000000000000636d      0xbe9 /home/vlab/FreeRTOS_Work/STM32F4_Firmware/STM32F4-FreeRTOS_Tmplt/build/timers.o
 .debug_line    0x0000000000006f56      0x643 /home/vlab/FreeRTOS_Work/STM32F4_Firmware/STM32F4-FreeRTOS_Tmplt/build/heap_4.o
 .debug_line    0x0000000000007599      0xdcf /home/vlab/FreeRTOS_Work/STM32F4_Firmware/STM32F4-FreeRTOS_Tmplt/build/stm32f4xx_rcc.o
 .debug_line    0x0000000000008368      0x649 /home/vlab/FreeRTOS_Work/STM32F4_Firmware/STM32F4-FreeRTOS_Tmplt/build/stm32f4xx_gpio.o
 .debug_line    0x00000000000089b1      0x9e1 /home/vlab/FreeRTOS_Work/STM32F4_Firmware/STM32F4-FreeRTOS_Tmplt/build/stm32f4xx_usart.o

.debug_str      0x0000000000000000     0x37e8
 .debug_str     0x0000000000000000      0x22f /home/vlab/FreeRTOS_Work/STM32F4_Firmware/STM32F4-FreeRTOS_Tmplt/build/stm32f4xx_it.o
                                        0x26c (size before relaxing)
 .debug_str     0x000000000000022f      0x230 /home/vlab/FreeRTOS_Work/STM32F4_Firmware/STM32F4-FreeRTOS_Tmplt/build/system_stm32f4xx.o
                                        0x3cb (size before relaxing)
 .debug_str     0x000000000000045f      0x1eb /home/vlab/FreeRTOS_Work/STM32F4_Firmware/STM32F4-FreeRTOS_Tmplt/build/syscalls.o
                                        0x3cf (size before relaxing)
 .debug_str     0x000000000000064a      0x983 /home/vlab/FreeRTOS_Work/STM32F4_Firmware/STM32F4-FreeRTOS_Tmplt/build/main.o
                                        0xbff (size before relaxing)
 .debug_str     0x0000000000000fcd      0x2b7 /home/vlab/FreeRTOS_Work/STM32F4_Firmware/STM32F4-FreeRTOS_Tmplt/build/port.o
                                        0x484 (size before relaxing)
 .debug_str     0x0000000000001284      0x16e /home/vlab/FreeRTOS_Work/STM32F4_Firmware/STM32F4-FreeRTOS_Tmplt/build/list.o
                                        0x315 (size before relaxing)
 .debug_str     0x00000000000013f2      0x71e /home/vlab/FreeRTOS_Work/STM32F4_Firmware/STM32F4-FreeRTOS_Tmplt/build/queue.o
                                        0xa4c (size before relaxing)
 .debug_str     0x0000000000001b10      0xa7f /home/vlab/FreeRTOS_Work/STM32F4_Firmware/STM32F4-FreeRTOS_Tmplt/build/tasks.o
                                       0x1103 (size before relaxing)
 .debug_str     0x000000000000258f      0x454 /home/vlab/FreeRTOS_Work/STM32F4_Firmware/STM32F4-FreeRTOS_Tmplt/build/timers.o
                                        0x8a4 (size before relaxing)
 .debug_str     0x00000000000029e3      0x1f7 /home/vlab/FreeRTOS_Work/STM32F4_Firmware/STM32F4-FreeRTOS_Tmplt/build/heap_4.o
                                        0x3f6 (size before relaxing)
 .debug_str     0x0000000000002bda      0x6e3 /home/vlab/FreeRTOS_Work/STM32F4_Firmware/STM32F4-FreeRTOS_Tmplt/build/stm32f4xx_rcc.o
                                        0xa37 (size before relaxing)
 .debug_str     0x00000000000032bd      0x199 /home/vlab/FreeRTOS_Work/STM32F4_Firmware/STM32F4-FreeRTOS_Tmplt/build/stm32f4xx_gpio.o
                                        0x52c (size before relaxing)
 .debug_str     0x0000000000003456      0x392 /home/vlab/FreeRTOS_Work/STM32F4_Firmware/STM32F4-FreeRTOS_Tmplt/build/stm32f4xx_usart.o
                                        0x744 (size before relaxing)

.comment        0x0000000000000000       0x49
 .comment       0x0000000000000000       0x49 /home/vlab/FreeRTOS_Work/STM32F4_Firmware/STM32F4-FreeRTOS_Tmplt/build/stm32f4xx_it.o
                                         0x4a (size before relaxing)
 .comment       0x0000000000000049       0x4a /home/vlab/FreeRTOS_Work/STM32F4_Firmware/STM32F4-FreeRTOS_Tmplt/build/system_stm32f4xx.o